Microchip MPLAB XC8 Compiler V2.32

Linker command line:

-W-3 --edf=C:\Program Files\Microchip\xc8\v2.32\pic\dat\en_msgs.txt -cn \
  -h+dist/default/production\galeoTesterBiModuleSlave.X.production.sym \
  --cmf=dist/default/production\galeoTesterBiModuleSlave.X.production.cmf \
  -z -Q16LF1939 -oC:\Users\Michel\AppData\Local\Temp\xcAs5f4.4 \
  --defsym=__MPLAB_BUILD=1 \
  -Mdist/default/production/galeoTesterBiModuleSlave.X.production.map -E1 \
  -ver=XC8 Compiler --acfsm=1493 -ASTACK=02136h-023EFh -pstack=STACK \
  -ACODE=00h-07FFhx8 -ASTRCODE=00h-03FFFh -ASTRING=00h-0FFhx64 \
  -ACONST=00h-0FFhx64 -AENTRY=00h-0FFhx64 -ACOMMON=070h-07Fh \
  -ABANK0=020h-06Fh -ABANK1=0A0h-0EFh -ABANK2=0120h-016Fh \
  -ABANK3=01A0h-01EFh -ABANK4=0220h-026Fh -ABANK5=02A0h-02EFh \
  -ABANK6=0320h-036Fh -ABANK7=03A0h-03EFh -ABANK8=0420h-046Fh \
  -ABANK9=04A0h-04EFh -ABANK10=0520h-056Fh -ABANK11=05A0h-05EFh \
  -ABANK12=0620h-064Fh -ABIGRAM=02000h-023EFh \
  -ARAM=020h-06Fh,0A0h-0EFh,0120h-016Fh,01A0h-01EFh,0220h-026Fh,02A0h-02EFh,0320h-036Fh,03A0h-03EFh,0420h-046Fh,04A0h-04EFh,0520h-056Fh,05A0h-05EFh,0620h-064Fh \
  -AABS1=020h-07Fh,0A0h-0EFh,0120h-016Fh,01A0h-01EFh,0220h-026Fh,02A0h-02EFh,0320h-036Fh,03A0h-03EFh,0420h-046Fh,04A0h-04EFh,0520h-056Fh,05A0h-05EFh,0620h-064Fh \
  -ASFR0=00h-01Fh -ASFR1=080h-09Fh -ASFR2=0100h-011Fh -ASFR3=0180h-019Fh \
  -ASFR4=0200h-021Fh -ASFR5=0280h-029Fh -ASFR6=0300h-031Fh \
  -ASFR7=0380h-039Fh -ASFR8=0400h-041Fh -ASFR9=0480h-049Fh \
  -ASFR10=0500h-051Fh -ASFR11=0580h-059Fh -ASFR12=0600h-061Fh \
  -ASFR13=0680h-06EFh -ASFR14=0700h-076Fh -ASFR15=0780h-07EFh \
  -ASFR16=0800h-086Fh -ASFR17=0880h-08EFh -ASFR18=0900h-096Fh \
  -ASFR19=0980h-09EFh -ASFR20=0A00h-0A6Fh -ASFR21=0A80h-0AEFh \
  -ASFR22=0B00h-0B6Fh -ASFR23=0B80h-0BEFh -ASFR24=0C00h-0C6Fh \
  -ASFR25=0C80h-0CEFh -ASFR26=0D00h-0D6Fh -ASFR27=0D80h-0DEFh \
  -ASFR28=0E00h-0E6Fh -ASFR29=0E80h-0EEFh -ASFR30=0F00h-0F6Fh \
  -ASFR31=0F80h-0FEFh -ACONFIG=08007h-08008h -DCONFIG=2 \
  -AIDLOC=08000h-08003h -DIDLOC=2 -AEEDATA=00h-0FFh/0F000h \
  -peeprom_data=EEDATA -DEEDATA=2 -DCODE=2 -DSTRCODE=2 -DSTRING=2 -DCONST=2 \
  -DENTRY=2 -preset_vec=00h,intentry=04h,init,end_init -ppowerup=CODE \
  -pcinit=CODE -pfunctab=ENTRY -k \
  C:\Users\Michel\AppData\Local\Temp\xcAs5f4.o \
  dist/default/production\galeoTesterBiModuleSlave.X.production.o 

Object code version is 3.11

Machine type is 16LF1939



                Name                               Link     Load   Length Selector   Space Scale
C:\Users\Michel\AppData\Local\Temp\xcAs5f4.o
                end_init                             9B       9B        2        8       0
                reset_vec                             0        0        2        0       0
                config                             8007     8007        2        0       4
                idloc                              8000     8000        4        0       5
dist/default/production\galeoTesterBiModuleSlave.X.production.o
                cinit                                9D       9D       3E        8       0
                intentry                              4        4       97        8       0
                maintext_split_4                     DB       DB      672        8       0
                maintext_split_3                    E49      E49      1B7     1C92       0
                maintext_split_2                   16F4     16F4      10C     2DE8       0
                maintext_split_1                    8F6      8F6      112     11EC       0
                config                             8007     8007        2        0       4
                idloc                              8000     8000        4        0       5
                text62                             1FAE     1FAE       1B     3F5C       0
                text61                             1E1D     1E1D        B     3C3A       0
                text60                             1EBB     1EBB        F     3D76       0
                text59                             1E28     1E28        C     3C50       0
                text58                             1DFD     1DFD        6     3BFA       0
                text57                             1E03     1E03        6     3C06       0
                text56                             1EAD     1EAD        E     3D5A       0
                text55                             1ECA     1ECA       13     3D94       0
                text54                             1EF1     1EF1       15     3DE2       0
                text53                             1F32     1F32       18     3E64       0
                text52                              74D      74D       8C        8       0
                text51                             1E15     1E15        8     3C2A       0
                text50                             1E34     1E34        C     3C68       0
                text49                             1041     1041       1F     2082       0
                text48                             1DF9     1DF9        4     3BF2       0
                text47                             1EA0     1EA0        D     3D40       0
                text46                             1FC9     1FC9       1B     3F92       0
                text45                             1E40     1E40        C     3C80       0
                text44                             1000     1000        9     1C92       0
                text43                             1189     1189       2F     2312       0
                text42                             1F4A     1F4A       19     3E94       0
                text41                             1060     1060       1F     20C0       0
                text40                             130D     130D       51     261A       0
                text39                             1110     1110       28     2220       0
                text38                             12C8     12C8       45     2590       0
                text37                             1E4C     1E4C        C     3C98       0
                text36                             1E58     1E58        C     3CB0       0
                text35                             1E64     1E64        C     3CC8       0
                text34                             14E6     14E6      104     29CC       0
                text33                              80C      80C       EA     1018       0
                text32                             1FE4     1FE4       1C     3FC8       0
                text31                             1DF8     1DF8        1     3BF0       0
                text30                             135E     135E       52     26BC       0
                text29                             1160     1160       29     22C0       0
                text28                             1F63     1F63       19     3EC6       0
                text27                             1407     1407       59     280E       0
                text26                              B57      B57      169     16AE       0
                text25                             15EA     15EA      10A     2BD4       0
                text24                             11E7     11E7       34     23CE       0
                text23                             1F06     1F06       15     3E0C       0
                text22                              7D9      7D9       27        8       0
                text21                             1F1B     1F1B       17     3E36       0
                text20                             1460     1460       86     28C0       0
                text19                             1009     1009       1C     2012       0
                text18                             1025     1025       1C     204A       0
                text17                             11B8     11B8       2F     2370       0
                text16                             1F7C     1F7C       19     3EF8       0
                text15                             1E70     1E70        C     3CE0       0
                text14                             1E7C     1E7C        C     3CF8       0
                text13                             1E88     1E88        C     3D10       0
                text12                             1E94     1E94        C     3D28       0
                text11                             1253     1253       39     24A6       0
                text10                             13B0     13B0       57     2760       0
                text9                              107F     107F       24     20FE       0
                text8                              10A3     10A3       24     2146       0
                text7                              10C7     10C7       24     218E       0
                text6                               A08      A08      14F     1410       0
                text5                              128C     128C       3C     2518       0
                text4                              10EB     10EB       25     21D6       0
                text3                              1F95     1F95       19     3F2A       0
                text2                               800      800        C        8       0
                text1                              121B     121B       38     2436       0
                maintext                            CC0      CC0      189     1980       0
                cstackBANK0                          20       20       50       20       1
                cstackCOMMON                         70       70        8       70       1
                cstackBANK1                          A0       A0       38       A0       1
                cstackBANK2                         148      148       21      120       1
                cstackBANK3                         1D4      1D4       12      1A0       1
                clrtext                            1E09     1E09        6     3C12       0
                inittext                           1E0F     1E0F        6     3C1E       0
                dataBANK3                           1C0      1C0       14      1A0       1
                bssBANK3                            1A0      1A0       20      1A0       1
                dataBANK2                           120      120       28      120       1
                bssBANK2                            169      169        6      120       1
                dataBANK1                            DF       DF        1       A0       1
                bssBANK1                             D8       D8        7       A0       1
                dataCOMMON                           7A       7A        1       70       1
                bssCOMMON                            78       78        2       70       1
                stringtext55                       22BC     22BC        3     4000       0
                stringtext54                       22B4     22B4        8     4000       0
                stringtext53                       22AC     22AC        8     4000       0
                stringtext52                       22A4     22A4        8     4000       0
                stringtext51                       229C     229C        8     4000       0
                stringtext50                       2294     2294        8     4000       0
                stringtext49                       228C     228C        8     4000       0
                stringtext48                       2284     2284        8     4000       0
                stringtext47                       227C     227C        8     4000       0
                stringtext46                       2274     2274        8     4000       0
                stringtext45                       226C     226C        8     4000       0
                stringtext44                       2264     2264        8     4000       0
                stringtext43                       225C     225C        8     4000       0
                stringtext42                       2253     2253        9     4000       0
                stringtext41                       224A     224A        9     4000       0
                stringtext40                       2241     2241        9     4000       0
                stringtext39                       2238     2238        9     4000       0
                stringtext38                       222F     222F        9     4000       0
                stringtext37                       2226     2226        9     4000       0
                stringtext36                       221D     221D        9     4000       0
                stringtext35                       2214     2214        9     4000       0
                stringtext34                       220B     220B        9     4000       0
                stringtext33                       2200     2200        B     4000       0
                stringtext32                       21F5     21F5        B     4000       0
                stringtext31                       21E9     21E9        C     4000       0
                stringtext30                       21DD     21DD        C     4000       0
                stringtext29                       21D0     21D0        D     4000       0
                stringtext28                       21C2     21C2        E     4000       0
                stringtext27                       21B4     21B4        E     4000       0
                stringtext26                       21A6     21A6        E     4000       0
                stringtext25                       2197     2197        F     4000       0
                stringtext24                       2188     2188        F     4000       0
                stringtext23                       2179     2179        F     4000       0
                stringtext22                       216A     216A        F     4000       0
                stringtext21                       215B     215B        F     4000       0
                stringtext20                       214C     214C        F     4000       0
                stringtext19                       213D     213D        F     4000       0
                stringtext18                       212D     212D       10     4000       0
                stringtext17                       211D     211D       10     4000       0
                stringtext16                       210C     210C       11     4000       0
                stringtext15                       20FB     20FB       11     4000       0
                stringtext14                       20EA     20EA       11     4000       0
                stringtext13                       20D9     20D9       11     4000       0
                stringtext12                       20C7     20C7       12     4000       0
                stringtext11                       20B5     20B5       12     4000       0
                stringtext10                       20A3     20A3       12     4000       0
                stringtext9                        2091     2091       12     4000       0
                stringtext8                        207F     207F       12     4000       0
                stringtext7                        206C     206C       13     4000       0
                stringtext6                        2058     2058       14     4000       0
                stringtext5                        2044     2044       14     4000       0
                stringtext4                        202F     202F       15     4000       0
                stringtext3                        201A     201A       15     4000       0
                stringtext2                        2000     2000       1A     4000       0
                stringtext1                        1800     1800       1F     3000       0
                idataBANK3                         1EDD     1EDD       14     3DBA       0
                idataBANK2                         1138     1138       28     2270       0
                idataBANK1                            2        2        1        0       0
                idataCOMMON                           3        3        1        6       0

TOTAL           Name                               Link     Load   Length     Space
        CLASS   STACK          

        CLASS   CODE           
                end_init                             9B       9B        2         0
                cinit                                9D       9D       3E         0
                intentry                              4        4       97         0
                reset_vec                             0        0        2         0
                maintext_split_4                     DB       DB      672         0
                maintext_split_3                    E49      E49      1B7         0
                maintext_split_2                   16F4     16F4      10C         0
                maintext_split_1                    8F6      8F6      112         0
                text62                             1FAE     1FAE       1B         0
                text61                             1E1D     1E1D        B         0
                text60                             1EBB     1EBB        F         0
                text59                             1E28     1E28        C         0
                text58                             1DFD     1DFD        6         0
                text57                             1E03     1E03        6         0
                text56                             1EAD     1EAD        E         0
                text55                             1ECA     1ECA       13         0
                text54                             1EF1     1EF1       15         0
                text53                             1F32     1F32       18         0
                text52                              74D      74D       8C         0
                text51                             1E15     1E15        8         0
                text50                             1E34     1E34        C         0
                text49                             1041     1041       1F         0
                text48                             1DF9     1DF9        4         0
                text47                             1EA0     1EA0        D         0
                text46                             1FC9     1FC9       1B         0
                text45                             1E40     1E40        C         0
                text44                             1000     1000        9         0
                text43                             1189     1189       2F         0
                text42                             1F4A     1F4A       19         0
                text41                             1060     1060       1F         0
                text40                             130D     130D       51         0
                text39                             1110     1110       28         0
                text38                             12C8     12C8       45         0
                text37                             1E4C     1E4C        C         0
                text36                             1E58     1E58        C         0
                text35                             1E64     1E64        C         0
                text34                             14E6     14E6      104         0
                text33                              80C      80C       EA         0
                text32                             1FE4     1FE4       1C         0
                text31                             1DF8     1DF8        1         0
                text30                             135E     135E       52         0
                text29                             1160     1160       29         0
                text28                             1F63     1F63       19         0
                text27                             1407     1407       59         0
                text26                              B57      B57      169         0
                text25                             15EA     15EA      10A         0
                text24                             11E7     11E7       34         0
                text23                             1F06     1F06       15         0
                text22                              7D9      7D9       27         0
                text21                             1F1B     1F1B       17         0
                text20                             1460     1460       86         0
                text19                             1009     1009       1C         0
                text18                             1025     1025       1C         0
                text17                             11B8     11B8       2F         0
                text16                             1F7C     1F7C       19         0
                text15                             1E70     1E70        C         0
                text14                             1E7C     1E7C        C         0
                text13                             1E88     1E88        C         0
                text12                             1E94     1E94        C         0
                text11                             1253     1253       39         0
                text10                             13B0     13B0       57         0
                text9                              107F     107F       24         0
                text8                              10A3     10A3       24         0
                text7                              10C7     10C7       24         0
                text6                               A08      A08      14F         0
                text5                              128C     128C       3C         0
                text4                              10EB     10EB       25         0
                text3                              1F95     1F95       19         0
                text2                               800      800        C         0
                text1                              121B     121B       38         0
                maintext                            CC0      CC0      189         0
                clrtext                            1E09     1E09        6         0
                inittext                           1E0F     1E0F        6         0
                idataBANK3                         1EDD     1EDD       14         0
                idataBANK2                         1138     1138       28         0
                idataBANK1                            2        2        1         0
                idataCOMMON                           3        3        1         0

        CLASS   STRCODE        
                stringtext55                       22BC     22BC        3         0
                stringtext54                       22B4     22B4        8         0
                stringtext53                       22AC     22AC        8         0
                stringtext52                       22A4     22A4        8         0
                stringtext51                       229C     229C        8         0
                stringtext50                       2294     2294        8         0
                stringtext49                       228C     228C        8         0
                stringtext48                       2284     2284        8         0
                stringtext47                       227C     227C        8         0
                stringtext46                       2274     2274        8         0
                stringtext45                       226C     226C        8         0
                stringtext44                       2264     2264        8         0
                stringtext43                       225C     225C        8         0
                stringtext42                       2253     2253        9         0
                stringtext41                       224A     224A        9         0
                stringtext40                       2241     2241        9         0
                stringtext39                       2238     2238        9         0
                stringtext38                       222F     222F        9         0
                stringtext37                       2226     2226        9         0
                stringtext36                       221D     221D        9         0
                stringtext35                       2214     2214        9         0
                stringtext34                       220B     220B        9         0
                stringtext33                       2200     2200        B         0
                stringtext32                       21F5     21F5        B         0
                stringtext31                       21E9     21E9        C         0
                stringtext30                       21DD     21DD        C         0
                stringtext29                       21D0     21D0        D         0
                stringtext28                       21C2     21C2        E         0
                stringtext27                       21B4     21B4        E         0
                stringtext26                       21A6     21A6        E         0
                stringtext25                       2197     2197        F         0
                stringtext24                       2188     2188        F         0
                stringtext23                       2179     2179        F         0
                stringtext22                       216A     216A        F         0
                stringtext21                       215B     215B        F         0
                stringtext20                       214C     214C        F         0
                stringtext19                       213D     213D        F         0
                stringtext18                       212D     212D       10         0
                stringtext17                       211D     211D       10         0
                stringtext16                       210C     210C       11         0
                stringtext15                       20FB     20FB       11         0
                stringtext14                       20EA     20EA       11         0
                stringtext13                       20D9     20D9       11         0
                stringtext12                       20C7     20C7       12         0
                stringtext11                       20B5     20B5       12         0
                stringtext10                       20A3     20A3       12         0
                stringtext9                        2091     2091       12         0
                stringtext8                        207F     207F       12         0
                stringtext7                        206C     206C       13         0
                stringtext6                        2058     2058       14         0
                stringtext5                        2044     2044       14         0
                stringtext4                        202F     202F       15         0
                stringtext3                        201A     201A       15         0
                stringtext2                        2000     2000       1A         0
                stringtext1                        1800     1800       1F         0

        CLASS   STRING         

        CLASS   CONST          

        CLASS   ENTRY          

        CLASS   COMMON         
                cstackCOMMON                         70       70        8         1
                dataCOMMON                           7A       7A        1         1
                bssCOMMON                            78       78        2         1

        CLASS   BANK0          
                cstackBANK0                          20       20       50         1

        CLASS   BANK1          
                cstackBANK1                          A0       A0       38         1
                dataBANK1                            DF       DF        1         1
                bssBANK1                             D8       D8        7         1

        CLASS   BANK2          
                cstackBANK2                         148      148       21         1
                dataBANK2                           120      120       28         1
                bssBANK2                            169      169        6         1

        CLASS   BANK3          
                cstackBANK3                         1D4      1D4       12         1
                dataBANK3                           1C0      1C0       14         1
                bssBANK3                            1A0      1A0       20         1

        CLASS   BANK4          

        CLASS   BANK5          

        CLASS   BANK6          

        CLASS   BANK7          

        CLASS   BANK8          

        CLASS   BANK9          

        CLASS   BANK10         

        CLASS   BANK11         

        CLASS   BANK12         

        CLASS   BIGRAM         

        CLASS   RAM            

        CLASS   ABS1           
                abs_s1                               7E       7E        2         1

        CLASS   SFR0           

        CLASS   SFR1           

        CLASS   SFR2           

        CLASS   SFR3           

        CLASS   SFR4           

        CLASS   SFR5           

        CLASS   SFR6           

        CLASS   SFR7           

        CLASS   SFR8           

        CLASS   SFR9           

        CLASS   SFR10          

        CLASS   SFR11          

        CLASS   SFR12          

        CLASS   SFR13          

        CLASS   SFR14          

        CLASS   SFR15          

        CLASS   SFR16          

        CLASS   SFR17          

        CLASS   SFR18          

        CLASS   SFR19          

        CLASS   SFR20          

        CLASS   SFR21          

        CLASS   SFR22          

        CLASS   SFR23          

        CLASS   SFR24          

        CLASS   SFR25          

        CLASS   SFR26          

        CLASS   SFR27          

        CLASS   SFR28          

        CLASS   SFR29          

        CLASS   SFR30          

        CLASS   SFR31          

        CLASS   CONFIG         
                config                             8007     8007        2         4

        CLASS   IDLOC          
                idloc                              8000     8000        4         5

        CLASS   EEDATA         

        CLASS   BANK31         

        CLASS   BANK30         

        CLASS   BANK29         

        CLASS   BANK28         

        CLASS   BANK27         

        CLASS   BANK26         

        CLASS   BANK25         

        CLASS   BANK24         

        CLASS   BANK23         

        CLASS   BANK22         

        CLASS   BANK21         

        CLASS   BANK20         

        CLASS   BANK19         

        CLASS   BANK18         

        CLASS   BANK17         

        CLASS   BANK16         

        CLASS   BANK15         

        CLASS   BANK14         

        CLASS   BANK13         



SEGMENTS        Name                           Load    Length   Top    Selector   Space  Class     Delta

                reset_vec                      000000  000003  000003         0       0  CODE        2
                idataCOMMON                    000003  000001  000004         6       0  CODE        2
                intentry                       000004  000808  00080C         8       0  CODE        2
                cstackBANK0                    000020  000050  000070        20       1  BANK0       1
                cstackCOMMON                   000070  00000B  00007B        70       1  COMMON      1
                cstackBANK1                    0000A0  000040  0000E0        A0       1  BANK1       1
                dataBANK2                      000120  00004F  00016F       120       1  BANK2       1
                bssBANK3                       0001A0  000046  0001E6       1A0       1  BANK3       1
                text33                         00080C  0000EA  0008F6      1018       0  CODE        2
                maintext_split_1               0008F6  000112  000A08      11EC       0  CODE        2
                text6                          000A08  00014F  000B57      1410       0  CODE        2
                text26                         000B57  000169  000CC0      16AE       0  CODE        2
                maintext                       000CC0  000189  000E49      1980       0  CODE        2
                maintext_split_3               000E49  0001C0  001009      1C92       0  CODE        2
                text19                         001009  00001C  001025      2012       0  CODE        2
                text18                         001025  00001C  001041      204A       0  CODE        2
                text49                         001041  00001F  001060      2082       0  CODE        2
                text41                         001060  00001F  00107F      20C0       0  CODE        2
                text9                          00107F  000024  0010A3      20FE       0  CODE        2
                text8                          0010A3  000024  0010C7      2146       0  CODE        2
                text7                          0010C7  000024  0010EB      218E       0  CODE        2
                text4                          0010EB  000025  001110      21D6       0  CODE        2
                text39                         001110  000028  001138      2220       0  CODE        2
                idataBANK2                     001138  000028  001160      2270       0  CODE        2
                text29                         001160  000029  001189      22C0       0  CODE        2
                text43                         001189  00002F  0011B8      2312       0  CODE        2
                text17                         0011B8  00002F  0011E7      2370       0  CODE        2
                text24                         0011E7  000034  00121B      23CE       0  CODE        2
                text1                          00121B  000038  001253      2436       0  CODE        2
                text11                         001253  000039  00128C      24A6       0  CODE        2
                text5                          00128C  00003C  0012C8      2518       0  CODE        2
                text38                         0012C8  000045  00130D      2590       0  CODE        2
                text40                         00130D  000051  00135E      261A       0  CODE        2
                text30                         00135E  000052  0013B0      26BC       0  CODE        2
                text10                         0013B0  000057  001407      2760       0  CODE        2
                text27                         001407  000059  001460      280E       0  CODE        2
                text20                         001460  000086  0014E6      28C0       0  CODE        2
                text34                         0014E6  000104  0015EA      29CC       0  CODE        2
                text25                         0015EA  00010A  0016F4      2BD4       0  CODE        2
                maintext_split_2               0016F4  00010C  001800      2DE8       0  CODE        2
                stringtext1                    001800  00001F  00181F      3000       0  STRCODE     2
                text31                         001DF8  000001  001DF9      3BF0       0  CODE        2
                text48                         001DF9  000004  001DFD      3BF2       0  CODE        2
                text58                         001DFD  000006  001E03      3BFA       0  CODE        2
                text57                         001E03  000006  001E09      3C06       0  CODE        2
                clrtext                        001E09  000006  001E0F      3C12       0  CODE        2
                inittext                       001E0F  000006  001E15      3C1E       0  CODE        2
                text51                         001E15  000008  001E1D      3C2A       0  CODE        2
                text61                         001E1D  00000B  001E28      3C3A       0  CODE        2
                text59                         001E28  00000C  001E34      3C50       0  CODE        2
                text50                         001E34  00000C  001E40      3C68       0  CODE        2
                text45                         001E40  00000C  001E4C      3C80       0  CODE        2
                text37                         001E4C  00000C  001E58      3C98       0  CODE        2
                text36                         001E58  00000C  001E64      3CB0       0  CODE        2
                text35                         001E64  00000C  001E70      3CC8       0  CODE        2
                text15                         001E70  00000C  001E7C      3CE0       0  CODE        2
                text14                         001E7C  00000C  001E88      3CF8       0  CODE        2
                text13                         001E88  00000C  001E94      3D10       0  CODE        2
                text12                         001E94  00000C  001EA0      3D28       0  CODE        2
                text47                         001EA0  00000D  001EAD      3D40       0  CODE        2
                text56                         001EAD  00000E  001EBB      3D5A       0  CODE        2
                text60                         001EBB  00000F  001ECA      3D76       0  CODE        2
                text55                         001ECA  000013  001EDD      3D94       0  CODE        2
                idataBANK3                     001EDD  000014  001EF1      3DBA       0  CODE        2
                text54                         001EF1  000015  001F06      3DE2       0  CODE        2
                text23                         001F06  000015  001F1B      3E0C       0  CODE        2
                text21                         001F1B  000017  001F32      3E36       0  CODE        2
                text53                         001F32  000018  001F4A      3E64       0  CODE        2
                text42                         001F4A  000019  001F63      3E94       0  CODE        2
                text28                         001F63  000019  001F7C      3EC6       0  CODE        2
                text16                         001F7C  000019  001F95      3EF8       0  CODE        2
                text3                          001F95  000019  001FAE      3F2A       0  CODE        2
                text62                         001FAE  00001B  001FC9      3F5C       0  CODE        2
                text46                         001FC9  00001B  001FE4      3F92       0  CODE        2
                text32                         001FE4  00001C  002000      3FC8       0  CODE        2
                stringtext2                    002000  0002BF  0022BF      4000       0  STRCODE     2


UNUSED ADDRESS RANGES

        Name                Unused          Largest block    Delta
        BANK1            0000E0-0000EF               10           1
        BANK10           000520-00056F               50           1
        BANK11           0005A0-0005EF               50           1
        BANK12           000620-00064F               30           1
        BANK2            00016F-00016F                1           1
        BANK3            0001E6-0001EF                A           1
        BANK4            000220-00026F               50           1
        BANK5            0002A0-0002EF               50           1
        BANK6            000320-00036F               50           1
        BANK7            0003A0-0003EF               50           1
        BANK8            000420-00046F               50           1
        BANK9            0004A0-0004EF               50           1
        BIGRAM           002000-0023EF              3F0           1
        CODE             00181F-001DF7              5D9           2
                         0022BF-003FFF              800
        COMMON           00007B-00007D                3           1
        CONST            00181F-001DF7              100           2
                         0022BF-003FFF              100
        EEDATA           00F000-00F0FF              100           2
        ENTRY            00181F-001DF7              100           2
                         0022BF-003FFF              100
        RAM              0000E0-0000EF               10           1
                         00016F-00016F                1
                         0001E6-0001EF                A
                         000220-00026F               50
                         0002A0-0002EF               50
                         000320-00036F               50
                         0003A0-0003EF               50
                         000420-00046F               50
                         0004A0-0004EF               50
                         000520-00056F               50
                         0005A0-0005EF               50
                         000620-00064F               30
        SFR0             000000-00001F               20           1
        SFR1             000080-00009F               20           1
        SFR10            000500-00051F               20           1
        SFR11            000580-00059F               20           1
        SFR12            000600-00061F               20           1
        SFR13            000680-0006EF               70           1
        SFR14            000700-00076F               70           1
        SFR15            000780-0007EF               70           1
        SFR16            000800-00086F               70           1
        SFR17            000880-0008EF               70           1
        SFR18            000900-00096F               70           1
        SFR19            000980-0009EF               70           1
        SFR2             000100-00011F               20           1
        SFR20            000A00-000A6F               70           1
        SFR21            000A80-000AEF               70           1
        SFR22            000B00-000B6F               70           1
        SFR23            000B80-000BEF               70           1
        SFR24            000C00-000C6F               70           1
        SFR25            000C80-000CEF               70           1
        SFR26            000D00-000D6F               70           1
        SFR27            000D80-000DEF               70           1
        SFR28            000E00-000E6F               70           1
        SFR29            000E80-000EEF               70           1
        SFR3             000180-00019F               20           1
        SFR30            000F00-000F6F               70           1
        SFR31            000F80-000FEF               70           1
        SFR4             000200-00021F               20           1
        SFR5             000280-00029F               20           1
        SFR6             000300-00031F               20           1
        SFR7             000380-00039F               20           1
        SFR8             000400-00041F               20           1
        SFR9             000480-00049F               20           1
        STACK            002136-0023EF              2BA           1
        STRCODE          00181F-001DF7              5D9           2
                         0022BF-003FFF             1D41
        STRING           00181F-001DF7              100           2
                         0022BF-003FFF              100

                                  Symbol Table

?_ADC_GetConversion                cstackCOMMON     000073
?___aodiv                          cstackBANK0      000020
?___aomod                          cstackBANK0      000020
?_abs                              cstackCOMMON     000076
?_dtoa                             cstackBANK0      00003A
?_pad                              cstackBANK0      00002D
?_printf                           cstackBANK0      00006E
?_sprintf                          cstackBANK1      0000A3
?_strcat                           cstackBANK0      00002C
?_strlen                           cstackCOMMON     000073
?_vfpfcnvrt                        cstackBANK0      000058
?_vfprintf                         cstackBANK0      000069
ADC_GetConversion@channel          cstackCOMMON     000076
I2C_Master_Write@data              cstackCOMMON     000073
I2C_Slave_Read_Write@temp_806      cstackCOMMON     000071
I2C_Slave_Read_Write@temp_807      cstackCOMMON     000072
IO_Expander_Write@Data             cstackCOMMON     000074
LCD_CMD@CMD                        cstackBANK0      000020
LCD_Init@I2C_Add                   cstackBANK0      000023
LCD_Set_Cursor@COL                 cstackBANK0      000021
LCD_Set_Cursor@ROW                 cstackBANK0      000024
LCD_Write_4Bit@Nibble              cstackCOMMON     000076
LCD_Write_Char@Data                cstackBANK0      000020
LCD_Write_String@Str               cstackBANK0      000021
LCD_Write_String@i                 cstackBANK0      000024
_ACKDT                             (abs)            0010B5
_ACKEN                             (abs)            0010B4
_ACKSTAT                           (abs)            0010B6
_ADCON0                            (abs)            00009D
_ADCON0bits                        (abs)            00009D
_ADCON1                            (abs)            00009E
_ADC_GetConversion                 text62           001FAE
_ADC_Initialize                    text51           001E15
_ADRESH                            (abs)            00009C
_ADRESL                            (abs)            00009B
_ANSELA                            (abs)            00018C
_ANSELB                            (abs)            00018D
_ANSELD                            (abs)            00018F
_ANSELE                            (abs)            000190
_APFCON                            (abs)            00011D
_BORCON                            (abs)            000116
_BackLight_State                   dataBANK1        0000DF
_CKP                               (abs)            0010AC
_D_nA                              (abs)            0010A5
_EEADRH                            (abs)            000192
_EEADRL                            (abs)            000191
_EECON1bits                        (abs)            000195
_EECON2                            (abs)            000196
_EEDATH                            (abs)            000194
_EEDATL                            (abs)            000193
_GIE                               (abs)            00005F
_I2C_Master_Init                   text61           001E1D
_I2C_Master_Start                  text58           001DFD
_I2C_Master_Stop                   text57           001E03
_I2C_Master_Wait                   text59           001E28
_I2C_Master_Write                  text56           001EAD
_I2C_Slave_Init                    text60           001EBB
_I2C_Slave_Read_Write              intentry         000004
_INTCONbits                        (abs)            00000B
_IO_Expander_Write                 text55           001ECA
_LATA                              (abs)            00010C
_LATAbits                          (abs)            00010C
_LATB                              (abs)            00010D
_LATBbits                          (abs)            00010D
_LATC                              (abs)            00010E
_LATD                              (abs)            00010F
_LATE                              (abs)            000110
_LATEbits                          (abs)            000110
_LCD_CMD                           text53           001F32
_LCD_Clear                         text44           001000
_LCD_Init                          text52           00074D
_LCD_Set_Cursor                    text43           001189
_LCD_Write_4Bit                    text54           001EF1
_LCD_Write_Char                    text42           001F4A
_LCD_Write_String                  text41           001060
_OPTION_REGbits                    (abs)            000095
_OSCCON                            (abs)            000099
_OSCILLATOR_Initialize             text50           001E34
_OSCTUNE                           (abs)            000098
_PEIE                              (abs)            00005E
_PEN                               (abs)            0010B2
_PIN_MANAGER_Initialize            text49           001041
_PLLR                              (abs)            0004D6
_PORTCbits                         (abs)            00000E
_PORTDbits                         (abs)            00000F
_RCEN                              (abs)            0010B3
_RS                                bssBANK1         0000DD
_RSEN                              (abs)            0010B1
_R_nW                              (abs)            0010A2
_SEN                               (abs)            0010B0
_SSPADD                            (abs)            000212
_SSPBUF                            (abs)            000211
_SSPCON                            (abs)            000215
_SSPCON2                           (abs)            000216
_SSPCON2bits                       (abs)            000216
_SSPIE                             (abs)            00048B
_SSPIF                             (abs)            00008B
_SSPOV                             (abs)            0010AE
_SSPSTAT                           (abs)            000214
_SSPSTATbits                       (abs)            000214
_SYSTEM_Initialize                 text47           001EA0
_TRISA                             (abs)            00008C
_TRISB                             (abs)            00008D
_TRISC                             (abs)            00008E
_TRISC3                            (abs)            000473
_TRISC4                            (abs)            000474
_TRISD                             (abs)            00008F
_TRISE                             (abs)            000090
_WCOL                              (abs)            0010AF
_WDTCON                            (abs)            000097
_WDT_Initialize                    text48           001DF9
_WPUB                              (abs)            00020D
_WPUE                              (abs)            000210
__Habs1                            abs1             000000
__Hbank0                           bank0            000000
__Hbank1                           bank1            000000
__Hbank10                          bank10           000000
__Hbank11                          bank11           000000
__Hbank12                          bank12           000000
__Hbank13                          bank13           000000
__Hbank14                          bank14           000000
__Hbank15                          bank15           000000
__Hbank16                          bank16           000000
__Hbank17                          bank17           000000
__Hbank18                          bank18           000000
__Hbank19                          bank19           000000
__Hbank2                           bank2            000000
__Hbank20                          bank20           000000
__Hbank21                          bank21           000000
__Hbank22                          bank22           000000
__Hbank23                          bank23           000000
__Hbank24                          bank24           000000
__Hbank25                          bank25           000000
__Hbank26                          bank26           000000
__Hbank27                          bank27           000000
__Hbank28                          bank28           000000
__Hbank29                          bank29           000000
__Hbank3                           bank3            000000
__Hbank30                          bank30           000000
__Hbank31                          bank31           000000
__Hbank4                           bank4            000000
__Hbank5                           bank5            000000
__Hbank6                           bank6            000000
__Hbank7                           bank7            000000
__Hbank8                           bank8            000000
__Hbank9                           bank9            000000
__Hbigram                          bigram           000000
__HbssBANK1                        bssBANK1         000000
__HbssBANK2                        bssBANK2         000000
__HbssBANK3                        bssBANK3         000000
__HbssCOMMON                       bssCOMMON        000000
__Hcinit                           cinit            0000DB
__Hclrtext                         clrtext          000000
__Hcode                            code             000000
__Hcommon                          common           000000
__Hconfig                          config           008009
__HcstackBANK0                     cstackBANK0      000000
__HcstackBANK1                     cstackBANK1      000000
__HcstackBANK2                     cstackBANK2      000000
__HcstackBANK3                     cstackBANK3      000000
__HcstackCOMMON                    cstackCOMMON     000000
__HdataBANK1                       dataBANK1        000000
__HdataBANK2                       dataBANK2        000000
__HdataBANK3                       dataBANK3        000000
__HdataCOMMON                      dataCOMMON       000000
__Heeprom_data                     eeprom_data      000000
__Hend_init                        end_init         00009D
__Hfunctab                         functab          000000
__HidataBANK1                      idataBANK1       000000
__HidataBANK2                      idataBANK2       000000
__HidataBANK3                      idataBANK3       000000
__HidataCOMMON                     idataCOMMON      000000
__Hidloc                           idloc            008004
__Hinit                            init             00009B
__Hinittext                        inittext         000000
__Hintentry                        intentry         00009B
__Hmaintext                        maintext         000000
__Hmaintext_split_1                maintext_split_1 000000
__Hmaintext_split_2                maintext_split_2 000000
__Hmaintext_split_3                maintext_split_3 000000
__Hmaintext_split_4                maintext_split_4 000000
__Hpowerup                         powerup          000000
__Hram                             ram              000000
__Hreset_vec                       reset_vec        000002
__Hsfr0                            sfr0             000000
__Hsfr1                            sfr1             000000
__Hsfr10                           sfr10            000000
__Hsfr11                           sfr11            000000
__Hsfr12                           sfr12            000000
__Hsfr13                           sfr13            000000
__Hsfr14                           sfr14            000000
__Hsfr15                           sfr15            000000
__Hsfr16                           sfr16            000000
__Hsfr17                           sfr17            000000
__Hsfr18                           sfr18            000000
__Hsfr19                           sfr19            000000
__Hsfr2                            sfr2             000000
__Hsfr20                           sfr20            000000
__Hsfr21                           sfr21            000000
__Hsfr22                           sfr22            000000
__Hsfr23                           sfr23            000000
__Hsfr24                           sfr24            000000
__Hsfr25                           sfr25            000000
__Hsfr26                           sfr26            000000
__Hsfr27                           sfr27            000000
__Hsfr28                           sfr28            000000
__Hsfr29                           sfr29            000000
__Hsfr3                            sfr3             000000
__Hsfr30                           sfr30            000000
__Hsfr31                           sfr31            000000
__Hsfr4                            sfr4             000000
__Hsfr5                            sfr5             000000
__Hsfr6                            sfr6             000000
__Hsfr7                            sfr7             000000
__Hsfr8                            sfr8             000000
__Hsfr9                            sfr9             000000
__Hspace_0                         (abs)            0022BF
__Hspace_1                         (abs)            0001E6
__Hspace_2                         (abs)            000000
__Hspace_3                         (abs)            000000
__Hspace_4                         (abs)            010010
__Hstack                           stack            000000
__Hstrings                         strings          000000
__Hstringtext1                     stringtext1      000000
__Hstringtext10                    stringtext10     000000
__Hstringtext11                    stringtext11     000000
__Hstringtext12                    stringtext12     000000
__Hstringtext13                    stringtext13     000000
__Hstringtext14                    stringtext14     000000
__Hstringtext15                    stringtext15     000000
__Hstringtext16                    stringtext16     000000
__Hstringtext17                    stringtext17     000000
__Hstringtext18                    stringtext18     000000
__Hstringtext19                    stringtext19     000000
__Hstringtext2                     stringtext2      000000
__Hstringtext20                    stringtext20     000000
__Hstringtext21                    stringtext21     000000
__Hstringtext22                    stringtext22     000000
__Hstringtext23                    stringtext23     000000
__Hstringtext24                    stringtext24     000000
__Hstringtext25                    stringtext25     000000
__Hstringtext26                    stringtext26     000000
__Hstringtext27                    stringtext27     000000
__Hstringtext28                    stringtext28     000000
__Hstringtext29                    stringtext29     000000
__Hstringtext3                     stringtext3      000000
__Hstringtext30                    stringtext30     000000
__Hstringtext31                    stringtext31     000000
__Hstringtext32                    stringtext32     000000
__Hstringtext33                    stringtext33     000000
__Hstringtext34                    stringtext34     000000
__Hstringtext35                    stringtext35     000000
__Hstringtext36                    stringtext36     000000
__Hstringtext37                    stringtext37     000000
__Hstringtext38                    stringtext38     000000
__Hstringtext39                    stringtext39     000000
__Hstringtext4                     stringtext4      000000
__Hstringtext40                    stringtext40     000000
__Hstringtext41                    stringtext41     000000
__Hstringtext42                    stringtext42     000000
__Hstringtext43                    stringtext43     000000
__Hstringtext44                    stringtext44     000000
__Hstringtext45                    stringtext45     000000
__Hstringtext46                    stringtext46     000000
__Hstringtext47                    stringtext47     000000
__Hstringtext48                    stringtext48     000000
__Hstringtext49                    stringtext49     000000
__Hstringtext5                     stringtext5      000000
__Hstringtext50                    stringtext50     000000
__Hstringtext51                    stringtext51     000000
__Hstringtext52                    stringtext52     000000
__Hstringtext53                    stringtext53     000000
__Hstringtext54                    stringtext54     000000
__Hstringtext55                    stringtext55     000000
__Hstringtext56                    stringtext56     000000
__Hstringtext6                     stringtext6      000000
__Hstringtext7                     stringtext7      000000
__Hstringtext8                     stringtext8      000000
__Hstringtext9                     stringtext9      000000
__Htext                            text             000000
__Labs1                            abs1             000000
__Lbank0                           bank0            000000
__Lbank1                           bank1            000000
__Lbank10                          bank10           000000
__Lbank11                          bank11           000000
__Lbank12                          bank12           000000
__Lbank13                          bank13           000000
__Lbank14                          bank14           000000
__Lbank15                          bank15           000000
__Lbank16                          bank16           000000
__Lbank17                          bank17           000000
__Lbank18                          bank18           000000
__Lbank19                          bank19           000000
__Lbank2                           bank2            000000
__Lbank20                          bank20           000000
__Lbank21                          bank21           000000
__Lbank22                          bank22           000000
__Lbank23                          bank23           000000
__Lbank24                          bank24           000000
__Lbank25                          bank25           000000
__Lbank26                          bank26           000000
__Lbank27                          bank27           000000
__Lbank28                          bank28           000000
__Lbank29                          bank29           000000
__Lbank3                           bank3            000000
__Lbank30                          bank30           000000
__Lbank31                          bank31           000000
__Lbank4                           bank4            000000
__Lbank5                           bank5            000000
__Lbank6                           bank6            000000
__Lbank7                           bank7            000000
__Lbank8                           bank8            000000
__Lbank9                           bank9            000000
__Lbigram                          bigram           000000
__LbssBANK1                        bssBANK1         000000
__LbssBANK2                        bssBANK2         000000
__LbssBANK3                        bssBANK3         000000
__LbssCOMMON                       bssCOMMON        000000
__Lcinit                           cinit            00009D
__Lclrtext                         clrtext          000000
__Lcode                            code             000000
__Lcommon                          common           000000
__Lconfig                          config           000000
__LcstackBANK0                     cstackBANK0      000000
__LcstackBANK1                     cstackBANK1      000000
__LcstackBANK2                     cstackBANK2      000000
__LcstackBANK3                     cstackBANK3      000000
__LcstackCOMMON                    cstackCOMMON     000000
__LdataBANK1                       dataBANK1        000000
__LdataBANK2                       dataBANK2        000000
__LdataBANK3                       dataBANK3        000000
__LdataCOMMON                      dataCOMMON       000000
__Leeprom_data                     eeprom_data      000000
__Lend_init                        end_init         00009B
__Lfunctab                         functab          000000
__LidataBANK1                      idataBANK1       000000
__LidataBANK2                      idataBANK2       000000
__LidataBANK3                      idataBANK3       000000
__LidataCOMMON                     idataCOMMON      000000
__Lidloc                           idloc            000000
__Linit                            init             00009B
__Linittext                        inittext         000000
__Lintentry                        intentry         000004
__Lmaintext                        maintext         000000
__Lmaintext_split_1                maintext_split_1 000000
__Lmaintext_split_2                maintext_split_2 000000
__Lmaintext_split_3                maintext_split_3 000000
__Lmaintext_split_4                maintext_split_4 000000
__Lpowerup                         powerup          000000
__Lram                             ram              000000
__Lreset_vec                       reset_vec        000000
__Lsfr0                            sfr0             000000
__Lsfr1                            sfr1             000000
__Lsfr10                           sfr10            000000
__Lsfr11                           sfr11            000000
__Lsfr12                           sfr12            000000
__Lsfr13                           sfr13            000000
__Lsfr14                           sfr14            000000
__Lsfr15                           sfr15            000000
__Lsfr16                           sfr16            000000
__Lsfr17                           sfr17            000000
__Lsfr18                           sfr18            000000
__Lsfr19                           sfr19            000000
__Lsfr2                            sfr2             000000
__Lsfr20                           sfr20            000000
__Lsfr21                           sfr21            000000
__Lsfr22                           sfr22            000000
__Lsfr23                           sfr23            000000
__Lsfr24                           sfr24            000000
__Lsfr25                           sfr25            000000
__Lsfr26                           sfr26            000000
__Lsfr27                           sfr27            000000
__Lsfr28                           sfr28            000000
__Lsfr29                           sfr29            000000
__Lsfr3                            sfr3             000000
__Lsfr30                           sfr30            000000
__Lsfr31                           sfr31            000000
__Lsfr4                            sfr4             000000
__Lsfr5                            sfr5             000000
__Lsfr6                            sfr6             000000
__Lsfr7                            sfr7             000000
__Lsfr8                            sfr8             000000
__Lsfr9                            sfr9             000000
__Lspace_0                         (abs)            000000
__Lspace_1                         (abs)            000000
__Lspace_2                         (abs)            000000
__Lspace_3                         (abs)            000000
__Lspace_4                         (abs)            000000
__Lstack                           stack            000000
__Lstrings                         strings          000000
__Lstringtext1                     stringtext1      000000
__Lstringtext10                    stringtext10     000000
__Lstringtext11                    stringtext11     000000
__Lstringtext12                    stringtext12     000000
__Lstringtext13                    stringtext13     000000
__Lstringtext14                    stringtext14     000000
__Lstringtext15                    stringtext15     000000
__Lstringtext16                    stringtext16     000000
__Lstringtext17                    stringtext17     000000
__Lstringtext18                    stringtext18     000000
__Lstringtext19                    stringtext19     000000
__Lstringtext2                     stringtext2      000000
__Lstringtext20                    stringtext20     000000
__Lstringtext21                    stringtext21     000000
__Lstringtext22                    stringtext22     000000
__Lstringtext23                    stringtext23     000000
__Lstringtext24                    stringtext24     000000
__Lstringtext25                    stringtext25     000000
__Lstringtext26                    stringtext26     000000
__Lstringtext27                    stringtext27     000000
__Lstringtext28                    stringtext28     000000
__Lstringtext29                    stringtext29     000000
__Lstringtext3                     stringtext3      000000
__Lstringtext30                    stringtext30     000000
__Lstringtext31                    stringtext31     000000
__Lstringtext32                    stringtext32     000000
__Lstringtext33                    stringtext33     000000
__Lstringtext34                    stringtext34     000000
__Lstringtext35                    stringtext35     000000
__Lstringtext36                    stringtext36     000000
__Lstringtext37                    stringtext37     000000
__Lstringtext38                    stringtext38     000000
__Lstringtext39                    stringtext39     000000
__Lstringtext4                     stringtext4      000000
__Lstringtext40                    stringtext40     000000
__Lstringtext41                    stringtext41     000000
__Lstringtext42                    stringtext42     000000
__Lstringtext43                    stringtext43     000000
__Lstringtext44                    stringtext44     000000
__Lstringtext45                    stringtext45     000000
__Lstringtext46                    stringtext46     000000
__Lstringtext47                    stringtext47     000000
__Lstringtext48                    stringtext48     000000
__Lstringtext49                    stringtext49     000000
__Lstringtext5                     stringtext5      000000
__Lstringtext50                    stringtext50     000000
__Lstringtext51                    stringtext51     000000
__Lstringtext52                    stringtext52     000000
__Lstringtext53                    stringtext53     000000
__Lstringtext54                    stringtext54     000000
__Lstringtext55                    stringtext55     000000
__Lstringtext56                    stringtext56     000000
__Lstringtext6                     stringtext6      000000
__Lstringtext7                     stringtext7      000000
__Lstringtext8                     stringtext8      000000
__Lstringtext9                     stringtext9      000000
__Ltext                            text             000000
__S0                               (abs)            0022BF
__S1                               (abs)            0001E6
__S2                               (abs)            000000
__S3                               (abs)            000000
___aodiv                           text34           0014E6
___aodiv@counter                   cstackBANK0      000030
___aodiv@dividend                  cstackBANK0      000028
___aodiv@divisor                   cstackBANK0      000020
___aodiv@quotient                  cstackBANK0      000032
___aodiv@sign                      cstackBANK0      000031
___aomod                           text33           00080C
___aomod@counter                   cstackCOMMON     000074
___aomod@dividend                  cstackBANK0      000028
___aomod@divisor                   cstackBANK0      000020
___aomod@sign                      cstackCOMMON     000075
___int_sp                          stack            000000
___latbits                         (abs)            000003
___sp                              stack            000000
___stackhi                         (abs)            0023EF
___stacklo                         (abs)            002136
__end_of_ADC_GetConversion         text62           001FC9
__end_of_ADC_Initialize            text51           001E1D
__end_of_I2C_Master_Init           text61           001E28
__end_of_I2C_Master_Start          text58           001E03
__end_of_I2C_Master_Stop           text57           001E09
__end_of_I2C_Master_Wait           text59           001E34
__end_of_I2C_Master_Write          text56           001EBB
__end_of_I2C_Slave_Init            text60           001ECA
__end_of_I2C_Slave_Read_Write      intentry         00009B
__end_of_IO_Expander_Write         text55           001EDD
__end_of_LCD_CMD                   text53           001F4A
__end_of_LCD_Clear                 text44           001009
__end_of_LCD_Init                  text52           0007D9
__end_of_LCD_Set_Cursor            text43           0011B8
__end_of_LCD_Write_4Bit            text54           001F06
__end_of_LCD_Write_Char            text42           001F63
__end_of_LCD_Write_String          text41           00107F
__end_of_OSCILLATOR_Initialize     text50           001E40
__end_of_PIN_MANAGER_Initialize    text49           001060
__end_of_SYSTEM_Initialize         text47           001EAD
__end_of_WDT_Initialize            text48           001DFD
__end_of___aodiv                   text34           0015EA
__end_of___aomod                   text33           0008F6
__end_of__initialization           cinit            0000D7
__end_of_abs                       text32           002000
__end_of_activerBuzzer             text39           001138
__end_of_activerTouche             text46           001FE4
__end_of_alerteDefaut              text20           0014E6
__end_of_alerteDefautEtape16       text6            000B57
__end_of_alimenter                 text45           001E4C
__end_of_attenteAquittement        text16           001F95
__end_of_attenteDemarrageSlave     text5            0012C8
__end_of_displayManager            text40           00135E
__end_of_dtoa                      text26           000CC0
__end_of_errorAlert                text38           00130D
__end_of_fputc                     text30           0013B0
__end_of_fputs                     text29           001189
__end_of_initialConditions         text11           00128C
__end_of_ledConforme               text37           001E58
__end_of_ledNonConforme            text36           001E64
__end_of_ledProgession             text35           001E70
__end_of_main                      maintext_split_4 00074D
__end_of_okAlert                   text3            001FAE
__end_of_pad                       text27           001460
__end_of_pressBP1                  text15           001E7C
__end_of_pressBP2                  text14           001E88
__end_of_printf                    text23           001F1B
__end_of_putch                     text31           001DF9
__end_of_reponseOperateur          text17           0011E7
__end_of_setHorloge                text2            00080C
__end_of_setP1                     text13           001E94
__end_of_setP2                     text12           001EA0
__end_of_sortieErreur              text10           001407
__end_of_sprintf                   text1            001253
__end_of_startAlert                text4            001110
__end_of_strcat                    text21           001F32
__end_of_strcpy                    text22           000800
__end_of_strlen                    text28           001F7C
__end_of_testNOK                   text19           001025
__end_of_testOK                    text18           001041
__end_of_testR1                    text9            0010A3
__end_of_testR2                    text8            0010C7
__end_of_testR3                    text7            0010EB
__end_of_vfpfcnvrt                 text25           0016F4
__end_of_vfprintf                  text24           00121B
__initialization                   cinit            00009D
__pbssBANK1                        bssBANK1         0000D8
__pbssBANK2                        bssBANK2         000169
__pbssBANK3                        bssBANK3         0001A0
__pbssCOMMON                       bssCOMMON        000078
__pcstackBANK0                     cstackBANK0      000020
__pcstackBANK1                     cstackBANK1      0000A0
__pcstackBANK2                     cstackBANK2      000148
__pcstackBANK3                     cstackBANK3      0001D4
__pcstackCOMMON                    cstackCOMMON     000070
__pdataBANK1                       dataBANK1        0000DF
__pdataBANK2                       dataBANK2        000120
__pdataBANK3                       dataBANK3        0001C0
__pdataCOMMON                      dataCOMMON       00007A
__pidataBANK1                      idataBANK1       000002
__pidataBANK2                      idataBANK2       001138
__pidataBANK3                      idataBANK3       001EDD
__pidataCOMMON                     idataCOMMON      000003
__pintentry                        intentry         000004
__pmaintext                        maintext         000CC0
__pstringtext1                     stringtext1      001800
__pstringtext10                    stringtext10     0020A3
__pstringtext11                    stringtext11     0020B5
__pstringtext12                    stringtext12     0020C7
__pstringtext13                    stringtext13     0020D9
__pstringtext14                    stringtext14     0020EA
__pstringtext15                    stringtext15     0020FB
__pstringtext16                    stringtext16     00210C
__pstringtext17                    stringtext17     00211D
__pstringtext18                    stringtext18     00212D
__pstringtext19                    stringtext19     00213D
__pstringtext2                     stringtext2      002000
__pstringtext20                    stringtext20     00214C
__pstringtext21                    stringtext21     00215B
__pstringtext22                    stringtext22     00216A
__pstringtext23                    stringtext23     002179
__pstringtext24                    stringtext24     002188
__pstringtext25                    stringtext25     002197
__pstringtext26                    stringtext26     0021A6
__pstringtext27                    stringtext27     0021B4
__pstringtext28                    stringtext28     0021C2
__pstringtext29                    stringtext29     0021D0
__pstringtext3                     stringtext3      00201A
__pstringtext30                    stringtext30     0021DD
__pstringtext31                    stringtext31     0021E9
__pstringtext32                    stringtext32     0021F5
__pstringtext33                    stringtext33     002200
__pstringtext34                    stringtext34     00220B
__pstringtext35                    stringtext35     002214
__pstringtext36                    stringtext36     00221D
__pstringtext37                    stringtext37     002226
__pstringtext38                    stringtext38     00222F
__pstringtext39                    stringtext39     002238
__pstringtext4                     stringtext4      00202F
__pstringtext40                    stringtext40     002241
__pstringtext41                    stringtext41     00224A
__pstringtext42                    stringtext42     002253
__pstringtext43                    stringtext43     00225C
__pstringtext44                    stringtext44     002264
__pstringtext45                    stringtext45     00226C
__pstringtext46                    stringtext46     002274
__pstringtext47                    stringtext47     00227C
__pstringtext48                    stringtext48     002284
__pstringtext49                    stringtext49     00228C
__pstringtext5                     stringtext5      002044
__pstringtext50                    stringtext50     002294
__pstringtext51                    stringtext51     00229C
__pstringtext52                    stringtext52     0022A4
__pstringtext53                    stringtext53     0022AC
__pstringtext54                    stringtext54     0022B4
__pstringtext55                    stringtext55     0022BC
__pstringtext56                    stringtext56     000000
__pstringtext6                     stringtext6      002058
__pstringtext7                     stringtext7      00206C
__pstringtext8                     stringtext8      00207F
__pstringtext9                     stringtext9      002091
__ptext1                           text1            00121B
__ptext10                          text10           0013B0
__ptext11                          text11           001253
__ptext12                          text12           001E94
[...]
__size_of_SYSTEM_Initialize        (abs)            000000
__size_of_WDT_Initialize           (abs)            000000
__size_of___aodiv                  (abs)            000000
__size_of___aomod                  (abs)            000000
__size_of_abs                      (abs)            000000
__size_of_activerBuzzer            (abs)            000000
__size_of_activerTouche            (abs)            000000
__size_of_alerteDefaut             (abs)            000000
__size_of_alerteDefautEtape16      (abs)            000000
__size_of_alimenter                (abs)            000000
__size_of_attenteAquittement       (abs)            000000
__size_of_attenteDemarrageSlave    (abs)            000000
__size_of_displayManager           (abs)            000000
__size_of_dtoa                     (abs)            000000
__size_of_errorAlert               (abs)            000000
__size_of_fputc                    (abs)            000000
__size_of_fputs                    (abs)            000000
__size_of_initialConditions        (abs)            000000
__size_of_ledConforme              (abs)            000000
__size_of_ledNonConforme           (abs)            000000
__size_of_ledProgession            (abs)            000000
__size_of_main                     (abs)            000000
__size_of_okAlert                  (abs)            000000
__size_of_pad                      (abs)            000000
__size_of_pressBP1                 (abs)            000000
__size_of_pressBP2                 (abs)            000000
__size_of_printf                   (abs)            000000
__size_of_putch                    (abs)            000000
__size_of_reponseOperateur         (abs)            000000
__size_of_setHorloge               (abs)            000000
__size_of_setP1                    (abs)            000000
__size_of_setP2                    (abs)            000000
__size_of_sortieErreur             (abs)            000000
__size_of_sprintf                  (abs)            000000
__size_of_startAlert               (abs)            000000
__size_of_strcat                   (abs)            000000
__size_of_strcpy                   (abs)            000000
__size_of_strlen                   (abs)            000000
__size_of_testNOK                  (abs)            000000
__size_of_testOK                   (abs)            000000
__size_of_testR1                   (abs)            000000
__size_of_testR2                   (abs)            000000
__size_of_testR3                   (abs)            000000
__size_of_vfpfcnvrt                (abs)            000000
__size_of_vfprintf                 (abs)            000000
_abs                               text32           001FE4
_activerBuzzer                     text39           001110
_activerTouche                     text46           001FC9
_alerteDefaut                      text20           001460
_alerteDefaut$2049                 cstackBANK1      0000CA
_alerteDefautEtape16               text6            000A08
_alerteDefautEtape16$2050          cstackBANK2      000166
_alimenter                         text45           001E40
_attenteAquittement                text16           001F7C
_attenteDemarrageSlave             text5            00128C
_dbuf                              bssBANK3         0001A0
_displayManager                    text40           00130D
_dtoa                              text26           000B57
_dtoa$1677                         cstackBANK0      000046
_errorAlert                        text38           0012C8
_flags                             bssCOMMON        000078
_fputc                             text30           00135E
_fputs                             text29           001160
_i2c_add                           bssBANK1         0000DC
_initialConditions                 text11           001253
_ledConforme                       text37           001E4C
_ledNonConforme                    text36           001E58
_ledProgession                     text35           001E64
_main                              maintext         000CC0
_nout                              bssBANK1         0000D8
_okAlert                           text3            001F95
_ordre                             bssBANK1         0000DE
_pad                               text27           001407
_prec                              bssBANK1         0000DA
_pressBP1                          text15           001E70
_pressBP2                          text14           001E7C
_printf                            text23           001F06
_putch                             text31           001DF8
_rd1RegCompleteHandler             (abs)            000000
_rd2RegCompleteHandler             (abs)            000000
_rdBlkRegCompleteHandler           (abs)            000000
_reponseOperateur                  text17           0011B8
_setHorloge                        text2            000800
_setP1                             text13           001E88
_setP2                             text12           001E94
_slaveSummary                      dataCOMMON       00007A
_sortieErreur                      text10           0013B0
_sprintf                           text1            00121B
_startAlert                        text4            0010EB
_strcat                            text21           001F1B
_strcpy                            text22           0007D9
_strlen                            text28           001F63
_testNOK                           text19           001009
_testOK                            text18           001025
_testR1                            text9            00107F
_testR2                            text8            0010A3
_testR3                            text7            0010C7
_vfpfcnvrt                         text25           0015EA
_vfprintf                          text24           0011E7
_width                             bssBANK2         000169
_wr1RegCompleteHandler             (abs)            000000
_wr2RegCompleteHandler             (abs)            000000
abs@a                              cstackCOMMON     000076
activerBuzzer@i                    cstackCOMMON     000074
alerteDefaut@F3705                 dataBANK2        000120
alerteDefaut@F3707                 dataBANK2        00013E
alerteDefaut@eol                   cstackBANK1      0000AC
alerteDefaut@error                 cstackBANK1      0000B6
alerteDefaut@etape                 cstackBANK1      0000A5
alerteDefaut@testAct               cstackBANK1      0000A7
alerteDefaut@testVoy               cstackBANK1      0000A9
alerteDefautEtape16@F3755          dataBANK3        0001C0
alerteDefautEtape16@F3757          dataBANK2        000134
alerteDefautEtape16@autom          cstackBANK1      0000D0
alerteDefautEtape16@eol            cstackBANK2      000148
alerteDefautEtape16@error          cstackBANK2      000152
alerteDefautEtape16@etape          cstackBANK1      0000CC
alerteDefautEtape16@prog           cstackBANK1      0000D1
alerteDefautEtape16@reponse        cstackBANK2      000168
alerteDefautEtape16@testAct        cstackBANK1      0000CE
alerteDefautEtape16@testVoy        cstackBANK1      0000CF
alimenter@active                   cstackCOMMON     000073
attenteAquittement@autom           cstackCOMMON     000073
attenteAquittement@repOperateur    cstackCOMMON     000077
attenteAquittement@testAct         cstackCOMMON     000075
attenteDemarrageSlave@autom        cstackCOMMON     000077
attenteDemarrageSlave@order        cstackCOMMON     000075
attenteDemarrageSlave@prog         cstackCOMMON     000074
attenteDemarrageSlave@repOperateur cstackCOMMON     000076
attenteDemarrageSlave@testAct      cstackCOMMON     000073
btemp                              (abs)            00007E
clear_ram0                         clrtext          001E09
displayManager@s1                  cstackBANK0      000026
displayManager@s2                  cstackBANK0      000028
displayManager@s3                  cstackBANK0      00002A
displayManager@s4                  cstackBANK0      00002C
dtoa@d                             cstackBANK0      00003A
dtoa@fp                            cstackBANK0      000045
dtoa@i                             cstackBANK0      000056
dtoa@n                             cstackBANK0      00004E
dtoa@p                             cstackBANK0      000048
dtoa@s                             cstackBANK0      00004C
dtoa@w                             cstackBANK0      00004A
end_of_initialization              cinit            0000D7
errorAlert@i                       cstackBANK0      000022
errorAlert@j                       cstackBANK0      000020
fputc@c                            cstackCOMMON     000073
fputc@fp                           cstackCOMMON     000075
fputs@c                            cstackBANK0      000029
fputs@fp                           cstackBANK0      000025
fputs@i                            cstackBANK0      00002A
fputs@s                            cstackBANK0      00002C
init_ram                           inittext         001E0F
initialConditions@autom            cstackBANK0      000024
initialConditions@prog             cstackBANK0      000026
initialConditions@testAct          cstackBANK0      000020
initialConditions@testVoy          cstackBANK0      000022
int$flags                          (abs)            00007E
intlevel0                          functab          000000
intlevel1                          functab          000000
intlevel2                          functab          000000
intlevel3                          functab          000000
intlevel4                          functab          000000
intlevel5                          functab          000000
ledConforme@active                 cstackCOMMON     000073
ledNonConforme@active              cstackCOMMON     000073
ledProgession@active               cstackCOMMON     000073
main@automatique                   cstackBANK3      0001E3
main@buffer                        cstackBANK3      0001D4
main@buffer_753                    cstackBANK3      0001D6
main@lectureAN1                    cstackBANK3      0001DF
main@master                        cstackBANK3      0001E2
main@pap                           cstackBANK3      0001DD
main@programmation                 cstackBANK3      0001E1
main@slectureAN1                   cstackBANK3      0001D8
main@testActif                     cstackBANK3      0001E5
main@testLeds                      cstackBANK3      0001DE
main@testVoyants                   cstackBANK3      0001E4
okAlert@i                          cstackBANK0      000023
pad@buf                            cstackBANK0      00002D
pad@fp                             cstackBANK0      000034
pad@i                              cstackBANK0      000030
pad@p                              cstackBANK0      00002E
pad@w                              cstackBANK0      000032
pnum$maintext                      (abs)            00004E
pnum$maintext_split_1              (abs)            000090
pnum$maintext_split_2              (abs)            000091
pnum$maintext_split_3              (abs)            000092
pnum$maintext_split_4              (abs)            000093
pressBP1@active                    cstackCOMMON     000073
pressBP2@active                    cstackCOMMON     000073
printf@ap                          cstackBANK1      0000A4
printf@fmt                         cstackBANK0      00006E
psplit$0                           (abs)            4E0090
psplit$1                           (abs)            900091
psplit$2                           (abs)            910092
psplit$3                           (abs)            920093
reponseOperateur@automatique       cstackCOMMON     000075
reponseOperateur@repOperateur      cstackCOMMON     000077
reponseOperateur@reponse           cstackCOMMON     000076
reset_vec                          reset_vec        000000
setHorloge@active                  cstackCOMMON     000073
setP1@active                       cstackCOMMON     000073
setP2@active                       cstackCOMMON     000073
sortieErreur@autom                 cstackBANK0      000028
sortieErreur@prog                  cstackBANK0      00002E
sortieErreur@testAct               cstackBANK0      00002A
sortieErreur@testVoy               cstackBANK0      00002C
sprintf@ap                         cstackBANK1      0000A9
sprintf@f                          cstackBANK1      0000AB
sprintf@fmt                        cstackBANK1      0000A3
sprintf@ret                        cstackBANK1      0000A7
sprintf@s                          cstackBANK1      0000AA
start                              init             00009B
startAlert@i                       cstackBANK0      000020
start_initialization               cinit            00009D
strcat@dest                        cstackBANK0      00002C
strcat@src                         cstackBANK0      00002E
strcpy@d                           cstackBANK0      00002A
strcpy@dest                        cstackBANK0      000020
strcpy@s                           cstackBANK0      000028
strcpy@src                         cstackBANK0      000022
strlen@a                           cstackCOMMON     000075
strlen@s                           cstackCOMMON     000073
testNOK@active                     cstackCOMMON     000074
testNOK@result                     cstackCOMMON     000073
testOK@active                      cstackCOMMON     000074
testOK@result                      cstackCOMMON     000073
testR1@active                      cstackCOMMON     000074
testR1@result                      cstackCOMMON     000073
testR2@active                      cstackCOMMON     000074
testR2@result                      cstackCOMMON     000073
testR3@active                      cstackCOMMON     000074
testR3@result                      cstackCOMMON     000073
vfpfcnvrt@ap                       cstackBANK0      000059
vfpfcnvrt@fmt                      cstackBANK0      000058
vfpfcnvrt@fp                       cstackBANK0      000068
vfpfcnvrt@ll                       cstackBANK0      00005F
vfpfcnvrt@vp                       cstackBANK0      000067
vfprintf@ap                        cstackBANK0      00006B
vfprintf@cfmt                      cstackBANK1      0000A1
vfprintf@fmt                       cstackBANK0      000069
vfprintf@fp                        cstackBANK1      0000A0
wtemp0                             (abs)            00007E


MODULE INFORMATION

Module		Function		Class		Link	Load	Size
C:\Program Files\Microchip\xc8\v2.32\pic\sources\c99\common\nf_sprintf.c
		_sprintf       		CODE           	121B	0000	56

C:\Program Files\Microchip\xc8\v2.32\pic\sources\c99\common\nf_sprintf.c estimated size: 56

C:\Program Files\Microchip\xc8\v2.32\pic\sources\c99\common\doprnt.c
		_vfpfcnvrt     		CODE           	15EA	0000	266
		_pad           		CODE           	1407	0000	89
		_dtoa          		CODE           	0B57	0000	361
		_vfprintf      		CODE           	11E7	0000	52

C:\Program Files\Microchip\xc8\v2.32\pic\sources\c99\common\doprnt.c estimated size: 768

mcc_generated_files/pin_manager.c
		_PIN_MANAGER_Initialize		CODE           	1041	0000	31

mcc_generated_files/pin_manager.c estimated size: 31

C:\Program Files\Microchip\xc8\v2.32\pic\sources\c99\common\nf_fputs.c
		_fputs         		CODE           	1160	0000	41

C:\Program Files\Microchip\xc8\v2.32\pic\sources\c99\common\nf_fputs.c estimated size: 41

mcc_generated_files/adc.c
		_ADC_Initialize		CODE           	1E15	0000	8
		_ADC_GetConversion		CODE           	1FAE	0000	27

mcc_generated_files/adc.c estimated size: 35

C:\Program Files\Microchip\xc8\v2.32\pic\sources\c99\common\putch.c
		_putch         		CODE           	1DF8	0000	1

C:\Program Files\Microchip\xc8\v2.32\pic\sources\c99\common\putch.c estimated size: 1

C:\Program Files\Microchip\xc8\v2.32\pic\sources\c99\common\abs.c
		_abs           		CODE           	1FE4	0000	28

C:\Program Files\Microchip\xc8\v2.32\pic\sources\c99\common\abs.c estimated size: 28

C:\Program Files\Microchip\xc8\v2.32\pic\sources\c99\common\aomod.c
		___aomod       		CODE           	080C	0000	234

C:\Program Files\Microchip\xc8\v2.32\pic\sources\c99\common\aomod.c estimated size: 234

shared
		__initialization		CODE           	009D	0000	58

shared estimated size: 58

I2C_LCD.c
		_LCD_Init      		CODE           	074D	0000	140
		_LCD_Write_4Bit		CODE           	1EF1	0000	21
		_LCD_Write_Char		CODE           	1F4A	0000	25
		_LCD_CMD       		CODE           	1F32	0000	24
		_I2C_Master_Wait		CODE           	1E28	0000	12
		_I2C_Master_Init		CODE           	1E1D	0000	11
		_I2C_Master_Stop		CODE           	1E03	0000	6
		_I2C_Slave_Init		CODE           	1EBB	0000	15
		_LCD_Set_Cursor		CODE           	1189	0000	47
		_LCD_Clear     		CODE           	1000	0000	9
		_IO_Expander_Write		CODE           	1ECA	0000	19
		_I2C_Master_Write		CODE           	1EAD	0000	14
		_I2C_Master_Start		CODE           	1DFD	0000	6
		_LCD_Write_String		CODE           	1060	0000	31

I2C_LCD.c estimated size: 380

mcc_generated_files/mcc.c
		_WDT_Initialize		CODE           	1DF9	0000	4
		_OSCILLATOR_Initialize		CODE           	1E34	0000	12
		_SYSTEM_Initialize		CODE           	1EA0	0000	13

mcc_generated_files/mcc.c estimated size: 29

display.c
		_displayManager		CODE           	130D	0000	81

display.c estimated size: 81

C:\Program Files\Microchip\xc8\v2.32\pic\sources\c99\common\strcat.c
		_strcat        		CODE           	1F1B	0000	23

C:\Program Files\Microchip\xc8\v2.32\pic\sources\c99\common\strcat.c estimated size: 23

C:\Program Files\Microchip\xc8\v2.32\pic\sources\c99\common\printf.c
		_printf        		CODE           	1F06	0000	21

C:\Program Files\Microchip\xc8\v2.32\pic\sources\c99\common\printf.c estimated size: 21

C:\Program Files\Microchip\xc8\v2.32\pic\sources\c99\common\nf_fputc.c
		_fputc         		CODE           	135E	0000	82

C:\Program Files\Microchip\xc8\v2.32\pic\sources\c99\common\nf_fputc.c estimated size: 82

tester.c
		_okAlert       		CODE           	1F95	0000	25
		_testR3        		CODE           	10C7	0000	36
		_alerteDefaut  		CODE           	1460	0000	134
		_initialConditions		CODE           	1253	0000	57
		_setHorloge    		CODE           	0800	0000	12
		_errorAlert    		CODE           	12C8	0000	69
		_alimenter     		CODE           	1E40	0000	12
		_testR1        		CODE           	107F	0000	36
		_ledProgession 		CODE           	1E64	0000	12
		_attenteAquittement		CODE           	1F7C	0000	25
		_startAlert    		CODE           	10EB	0000	37
		_pressBP1      		CODE           	1E70	0000	12
		_pressBP2      		CODE           	1E7C	0000	12
		_attenteDemarrageSlave		CODE           	128C	0000	60
		_testNOK       		CODE           	1009	0000	28
		_ledConforme   		CODE           	1E4C	0000	12
		_alerteDefautEtape16		CODE           	0A08	0000	335
		_testR2        		CODE           	10A3	0000	36
		_ledNonConforme		CODE           	1E58	0000	12
		_setP1         		CODE           	1E88	0000	12
		_testOK        		CODE           	1025	0000	28
		_activerTouche 		CODE           	1FC9	0000	27
		_activerBuzzer 		CODE           	1110	0000	40
		_sortieErreur  		CODE           	13B0	0000	87
		_setP2         		CODE           	1E94	0000	12
		_reponseOperateur		CODE           	11B8	0000	47

tester.c estimated size: 1215

C:\Program Files\Microchip\xc8\v2.32\pic\sources\c99\common\aodiv.c
		___aodiv       		CODE           	14E6	0000	260

C:\Program Files\Microchip\xc8\v2.32\pic\sources\c99\common\aodiv.c estimated size: 260

main.c
		_I2C_Slave_Read_Write		CODE           	0004	0000	151
		_main          		CODE           	0CC0	0000	3024

main.c estimated size: 3175

C:\Program Files\Microchip\xc8\v2.32\pic\sources\c99\common\strlen.c
		_strlen        		CODE           	1F63	0000	25

C:\Program Files\Microchip\xc8\v2.32\pic\sources\c99\common\strlen.c estimated size: 25

C:\Program Files\Microchip\xc8\v2.32\pic\sources\c99\common\strcpy.c
		_strcpy        		CODE           	07D9	0000	39

C:\Program Files\Microchip\xc8\v2.32\pic\sources\c99\common\strcpy.c estimated size: 39

