Microchip MPLAB XC8 Compiler V2.32

Linker command line:

-W-3 --edf=C:\Program Files\Microchip\xc8\v2.32\pic\dat\en_msgs.txt -cn \
  -h+dist/default/production\galeoTesterBiModuleSlave.X.production.sym \
  --cmf=dist/default/production\galeoTesterBiModuleSlave.X.production.cmf \
  -z -Q16LF1939 -oC:\Users\Michel\AppData\Local\Temp\xcAsv58.4 \
  --defsym=__MPLAB_BUILD=1 \
  -Mdist/default/production/galeoTesterBiModuleSlave.X.production.map -E1 \
  -ver=XC8 Compiler --acfsm=1493 -ASTACK=02161h-023EFh -pstack=STACK \
  -ACODE=00h-07FFhx8 -ASTRCODE=00h-03FFFh -ASTRING=00h-0FFhx64 \
  -ACONST=00h-0FFhx64 -AENTRY=00h-0FFhx64 -ACOMMON=070h-07Fh \
  -ABANK0=020h-06Fh -ABANK1=0A0h-0EFh -ABANK2=0120h-016Fh \
  -ABANK3=01A0h-01EFh -ABANK4=0220h-026Fh -ABANK5=02A0h-02EFh \
  -ABANK6=0320h-036Fh -ABANK7=03A0h-03EFh -ABANK8=0420h-046Fh \
  -ABANK9=04A0h-04EFh -ABANK10=0520h-056Fh -ABANK11=05A0h-05EFh \
  -ABANK12=0620h-064Fh -ABIGRAM=02000h-023EFh \
  -ARAM=020h-06Fh,0A0h-0EFh,0120h-016Fh,01A0h-01EFh,0220h-026Fh,02A0h-02EFh,0320h-036Fh,03A0h-03EFh,0420h-046Fh,04A0h-04EFh,0520h-056Fh,05A0h-05EFh,0620h-064Fh \
  -AABS1=020h-07Fh,0A0h-0EFh,0120h-016Fh,01A0h-01EFh,0220h-026Fh,02A0h-02EFh,0320h-036Fh,03A0h-03EFh,0420h-046Fh,04A0h-04EFh,0520h-056Fh,05A0h-05EFh,0620h-064Fh \
  -ASFR0=00h-01Fh -ASFR1=080h-09Fh -ASFR2=0100h-011Fh -ASFR3=0180h-019Fh \
  -ASFR4=0200h-021Fh -ASFR5=0280h-029Fh -ASFR6=0300h-031Fh \
  -ASFR7=0380h-039Fh -ASFR8=0400h-041Fh -ASFR9=0480h-049Fh \
  -ASFR10=0500h-051Fh -ASFR11=0580h-059Fh -ASFR12=0600h-061Fh \
  -ASFR13=0680h-06EFh -ASFR14=0700h-076Fh -ASFR15=0780h-07EFh \
  -ASFR16=0800h-086Fh -ASFR17=0880h-08EFh -ASFR18=0900h-096Fh \
  -ASFR19=0980h-09EFh -ASFR20=0A00h-0A6Fh -ASFR21=0A80h-0AEFh \
  -ASFR22=0B00h-0B6Fh -ASFR23=0B80h-0BEFh -ASFR24=0C00h-0C6Fh \
  -ASFR25=0C80h-0CEFh -ASFR26=0D00h-0D6Fh -ASFR27=0D80h-0DEFh \
  -ASFR28=0E00h-0E6Fh -ASFR29=0E80h-0EEFh -ASFR30=0F00h-0F6Fh \
  -ASFR31=0F80h-0FEFh -ACONFIG=08007h-08008h -DCONFIG=2 \
  -AIDLOC=08000h-08003h -DIDLOC=2 -AEEDATA=00h-0FFh/0F000h \
  -peeprom_data=EEDATA -DEEDATA=2 -DCODE=2 -DSTRCODE=2 -DSTRING=2 -DCONST=2 \
  -DENTRY=2 -preset_vec=00h,intentry=04h,init,end_init -ppowerup=CODE \
  -pcinit=CODE -pfunctab=ENTRY -k \
  C:\Users\Michel\AppData\Local\Temp\xcAsv58.o \
  dist/default/production\galeoTesterBiModuleSlave.X.production.o 

Object code version is 3.11

Machine type is 16LF1939



                Name                               Link     Load   Length Selector   Space Scale
C:\Users\Michel\AppData\Local\Temp\xcAsv58.o
                end_init                             C5       C5        2        8       0
                reset_vec                             0        0        2        0       0
                config                             8007     8007        2        0       4
                idloc                              8000     8000        4        0       5
dist/default/production\galeoTesterBiModuleSlave.X.production.o
                cinit                                C7       C7       3C        8       0
                intentry                              4        4       C1        8       0
                maintext_split_4                    103      103      67F        8       0
                maintext_split_3                    E49      E49      1B7     1C92       0
                maintext_split_2                   16EC     16EC      114     2DD8       0
                maintext_split_1                    8F2      8F2      116     11E4       0
                config                             8007     8007        2        0       4
                idloc                              8000     8000        4        0       5
                text63                             1F14     1F14       1B     3E28       0
                text62                             1D77     1D77        B     3AEE       0
                text61                             1E21     1E21        F     3C42       0
                text60                             1D82     1D82        C     3B04       0
                text59                             1D56     1D56        6     3AAC       0
                text58                             1D5C     1D5C        6     3AB8       0
                text57                             1E13     1E13        E     3C26       0
                text56                             1E30     1E30       13     3C60       0
                text55                             1E57     1E57       15     3CAE       0
                text54                             1E98     1E98       18     3D30       0
                text53                             1452     1452       8C     28A4       0
                text52                              800      800        8        8       0
                text51                             1D8E     1D8E        C     3B1C       0
                text50                             1F9E     1F9E       1F     3F3C       0
                text49                             1D52     1D52        4     3AA4       0
                text48                             1E06     1E06        D     3C0C       0
                text47                             1F2F     1F2F       1B     3E5E       0
                text46                             1D9A     1D9A        C     3B34       0
                text45                             1D6E     1D6E        9     3ADC       0
                text44                             10E8     10E8       2F     21D0       0
                text43                             1EB0     1EB0       19     3D60       0
                text42                             1FBD     1FBD       1F     3F7A       0
                text41                             12D2     12D2       51     25A4       0
                text40                             106F     106F       28     20DE       0
                text39                             123D     123D       45     247A       0
                text38                             1DA6     1DA6        C     3B4C       0
                text37                             1DB2     1DB2        C     3B64       0
                text36                             1DBE     1DBE        C     3B7C       0
                text35                             14DE     14DE      104     29BC       0
                text34                              808      808       EA     1010       0
                text33                             1F4A     1F4A       1C     3E94       0
                text32                             1D51     1D51        1     3AA2       0
                text31                             1323     1323       52     2646       0
                text30                             10BF     10BF       29     217E       0
                text29                             1EC9     1EC9       19     3D92       0
                text28                              782      782       59        8       0
                text27                              B61      B61      169     16C2       0
                text26                             15E2     15E2      10A     2BC4       0
                text25                             1117     1117       37     222E       0
                text24                             1E6C     1E6C       15     3CD8       0
                text23                             1048     1048       27     2090       0
                text22                             1E81     1E81       17     3D02       0
                text21                             13CC     13CC       86     2798       0
                text20                             1F66     1F66       1C     3ECC       0
                text19                             1F82     1F82       1C     3F04       0
                text18                             1282     1282       50     2504       0
                text17                             1EE2     1EE2       19     3DC4       0
                text16                             1DCA     1DCA        C     3B94       0
                text15                             1DD6     1DD6        C     3BAC       0
                text14                             1DE2     1DE2        C     3BC4       0
                text13                             1DEE     1DEE        C     3BDC       0
                text12                             1186     1186       39     230C       0
                text11                             1375     1375       57     26EA       0
                text10                             1FDC     1FDC       24     3FB8       0
                text9                              1000     1000       24     1C92       0
                text8                              1024     1024       24     2048       0
                text7                               A08      A08      159     1410       0
                text6                              11FB     11FB       42     23F6       0
                text5                              11BF     11BF       3C     237E       0
                text4                               7DB      7DB       25        8       0
                text3                              1EFB     1EFB       19     3DF6       0
                text2                              1DFA     1DFA        C     3BF4       0
                text1                              114E     114E       38     229C       0
                maintext                            CCA      CCA      17F     1994       0
                cstackBANK0                          20       20       50       20       1
                cstackCOMMON                         70       70        8       70       1
                cstackBANK1                          A0       A0       3B       A0       1
                cstackBANK2                         148      148       12      120       1
                cstackBANK4                         220      220       21      220       1
                clrtext                            1D62     1D62        6     3AC4       0
                inittext                           1D68     1D68        6     3AD0       0
                dataBANK3                           1C0      1C0       14      1A0       1
                bssBANK3                            1A0      1A0       20      1A0       1
                dataBANK2                           120      120       28      120       1
                bssBANK2                            15A      15A        8      120       1
                dataBANK1                            E0       E0        1       A0       1
                bssBANK1                             DB       DB        5       A0       1
                dataCOMMON                           7A       7A        1       70       1
                bssCOMMON                            78       78        2       70       1
                stringtext55                       22DB     22DB        3     4000       0
                stringtext54                       22D3     22D3        8     4000       0
                stringtext53                       22CB     22CB        8     4000       0
                stringtext52                       22C3     22C3        8     4000       0
                stringtext51                       22BB     22BB        8     4000       0
                stringtext50                       22B3     22B3        8     4000       0
                stringtext49                       22AB     22AB        8     4000       0
                stringtext48                       22A3     22A3        8     4000       0
                stringtext47                       229B     229B        8     4000       0
                stringtext46                       2293     2293        8     4000       0
                stringtext45                       228B     228B        8     4000       0
                stringtext44                       2283     2283        8     4000       0
                stringtext43                       227B     227B        8     4000       0
                stringtext42                       2272     2272        9     4000       0
                stringtext41                       2269     2269        9     4000       0
                stringtext40                       2260     2260        9     4000       0
                stringtext39                       2257     2257        9     4000       0
                stringtext38                       224E     224E        9     4000       0
                stringtext37                       2245     2245        9     4000       0
                stringtext36                       223C     223C        9     4000       0
                stringtext35                       2233     2233        9     4000       0
                stringtext34                       222A     222A        9     4000       0
                stringtext33                       221F     221F        B     4000       0
                stringtext32                       2214     2214        B     4000       0
                stringtext31                       2208     2208        C     4000       0
                stringtext30                       21FC     21FC        C     4000       0
                stringtext29                       21EF     21EF        D     4000       0
                stringtext28                       21E1     21E1        E     4000       0
                stringtext27                       21D3     21D3        E     4000       0
                stringtext26                       21C5     21C5        E     4000       0
                stringtext25                       21B6     21B6        F     4000       0
                stringtext24                       21A7     21A7        F     4000       0
                stringtext23                       2198     2198        F     4000       0
                stringtext22                       2189     2189        F     4000       0
                stringtext21                       217A     217A        F     4000       0
                stringtext20                       216B     216B        F     4000       0
                stringtext19                       215C     215C        F     4000       0
                stringtext18                       214C     214C       10     4000       0
                stringtext17                       213C     213C       10     4000       0
                stringtext16                       212B     212B       11     4000       0
                stringtext15                       211A     211A       11     4000       0
                stringtext14                       2109     2109       11     4000       0
                stringtext13                       20F8     20F8       11     4000       0
                stringtext12                       20E6     20E6       12     4000       0
                stringtext11                       20D4     20D4       12     4000       0
                stringtext10                       20C2     20C2       12     4000       0
                stringtext9                        20B0     20B0       12     4000       0
                stringtext8                        209E     209E       12     4000       0
                stringtext7                        208B     208B       13     4000       0
                stringtext6                        2077     2077       14     4000       0
                stringtext5                        2063     2063       14     4000       0
                stringtext4                        204E     204E       15     4000       0
                stringtext3                        2039     2039       15     4000       0
                stringtext2                        201F     201F       1A     4000       0
                stringtext1                        2000     2000       1F     4000       0
                idataBANK3                         1E43     1E43       14     3C86       0
                idataBANK2                         1097     1097       28     212E       0
                idataBANK1                            2        2        1        0       0
                idataCOMMON                           3        3        1        6       0

TOTAL           Name                               Link     Load   Length     Space
        CLASS   STACK          

        CLASS   CODE           
                end_init                             C5       C5        2         0
                cinit                                C7       C7       3C         0
                intentry                              4        4       C1         0
                reset_vec                             0        0        2         0
                maintext_split_4                    103      103      67F         0
                maintext_split_3                    E49      E49      1B7         0
                maintext_split_2                   16EC     16EC      114         0
                maintext_split_1                    8F2      8F2      116         0
                text63                             1F14     1F14       1B         0
                text62                             1D77     1D77        B         0
                text61                             1E21     1E21        F         0
                text60                             1D82     1D82        C         0
                text59                             1D56     1D56        6         0
                text58                             1D5C     1D5C        6         0
                text57                             1E13     1E13        E         0
                text56                             1E30     1E30       13         0
                text55                             1E57     1E57       15         0
                text54                             1E98     1E98       18         0
                text53                             1452     1452       8C         0
                text52                              800      800        8         0
                text51                             1D8E     1D8E        C         0
                text50                             1F9E     1F9E       1F         0
                text49                             1D52     1D52        4         0
                text48                             1E06     1E06        D         0
                text47                             1F2F     1F2F       1B         0
                text46                             1D9A     1D9A        C         0
                text45                             1D6E     1D6E        9         0
                text44                             10E8     10E8       2F         0
                text43                             1EB0     1EB0       19         0
                text42                             1FBD     1FBD       1F         0
                text41                             12D2     12D2       51         0
                text40                             106F     106F       28         0
                text39                             123D     123D       45         0
                text38                             1DA6     1DA6        C         0
                text37                             1DB2     1DB2        C         0
                text36                             1DBE     1DBE        C         0
                text35                             14DE     14DE      104         0
                text34                              808      808       EA         0
                text33                             1F4A     1F4A       1C         0
                text32                             1D51     1D51        1         0
                text31                             1323     1323       52         0
                text30                             10BF     10BF       29         0
                text29                             1EC9     1EC9       19         0
                text28                              782      782       59         0
                text27                              B61      B61      169         0
                text26                             15E2     15E2      10A         0
                text25                             1117     1117       37         0
                text24                             1E6C     1E6C       15         0
                text23                             1048     1048       27         0
                text22                             1E81     1E81       17         0
                text21                             13CC     13CC       86         0
                text20                             1F66     1F66       1C         0
                text19                             1F82     1F82       1C         0
                text18                             1282     1282       50         0
                text17                             1EE2     1EE2       19         0
                text16                             1DCA     1DCA        C         0
                text15                             1DD6     1DD6        C         0
                text14                             1DE2     1DE2        C         0
                text13                             1DEE     1DEE        C         0
                text12                             1186     1186       39         0
                text11                             1375     1375       57         0
                text10                             1FDC     1FDC       24         0
                text9                              1000     1000       24         0
                text8                              1024     1024       24         0
                text7                               A08      A08      159         0
                text6                              11FB     11FB       42         0
                text5                              11BF     11BF       3C         0
                text4                               7DB      7DB       25         0
                text3                              1EFB     1EFB       19         0
                text2                              1DFA     1DFA        C         0
                text1                              114E     114E       38         0
                maintext                            CCA      CCA      17F         0
                clrtext                            1D62     1D62        6         0
                inittext                           1D68     1D68        6         0
                idataBANK3                         1E43     1E43       14         0
                idataBANK2                         1097     1097       28         0
                idataBANK1                            2        2        1         0
                idataCOMMON                           3        3        1         0

        CLASS   STRCODE        
                stringtext55                       22DB     22DB        3         0
                stringtext54                       22D3     22D3        8         0
                stringtext53                       22CB     22CB        8         0
                stringtext52                       22C3     22C3        8         0
                stringtext51                       22BB     22BB        8         0
                stringtext50                       22B3     22B3        8         0
                stringtext49                       22AB     22AB        8         0
                stringtext48                       22A3     22A3        8         0
                stringtext47                       229B     229B        8         0
                stringtext46                       2293     2293        8         0
                stringtext45                       228B     228B        8         0
                stringtext44                       2283     2283        8         0
                stringtext43                       227B     227B        8         0
                stringtext42                       2272     2272        9         0
                stringtext41                       2269     2269        9         0
                stringtext40                       2260     2260        9         0
                stringtext39                       2257     2257        9         0
                stringtext38                       224E     224E        9         0
                stringtext37                       2245     2245        9         0
                stringtext36                       223C     223C        9         0
                stringtext35                       2233     2233        9         0
                stringtext34                       222A     222A        9         0
                stringtext33                       221F     221F        B         0
                stringtext32                       2214     2214        B         0
                stringtext31                       2208     2208        C         0
                stringtext30                       21FC     21FC        C         0
                stringtext29                       21EF     21EF        D         0
                stringtext28                       21E1     21E1        E         0
                stringtext27                       21D3     21D3        E         0
                stringtext26                       21C5     21C5        E         0
                stringtext25                       21B6     21B6        F         0
                stringtext24                       21A7     21A7        F         0
                stringtext23                       2198     2198        F         0
                stringtext22                       2189     2189        F         0
                stringtext21                       217A     217A        F         0
                stringtext20                       216B     216B        F         0
                stringtext19                       215C     215C        F         0
                stringtext18                       214C     214C       10         0
                stringtext17                       213C     213C       10         0
                stringtext16                       212B     212B       11         0
                stringtext15                       211A     211A       11         0
                stringtext14                       2109     2109       11         0
                stringtext13                       20F8     20F8       11         0
                stringtext12                       20E6     20E6       12         0
                stringtext11                       20D4     20D4       12         0
                stringtext10                       20C2     20C2       12         0
                stringtext9                        20B0     20B0       12         0
                stringtext8                        209E     209E       12         0
                stringtext7                        208B     208B       13         0
                stringtext6                        2077     2077       14         0
                stringtext5                        2063     2063       14         0
                stringtext4                        204E     204E       15         0
                stringtext3                        2039     2039       15         0
                stringtext2                        201F     201F       1A         0
                stringtext1                        2000     2000       1F         0

        CLASS   STRING         

        CLASS   CONST          

        CLASS   ENTRY          

        CLASS   COMMON         
                cstackCOMMON                         70       70        8         1
                dataCOMMON                           7A       7A        1         1
                bssCOMMON                            78       78        2         1

        CLASS   BANK0          
                cstackBANK0                          20       20       50         1

        CLASS   BANK1          
                cstackBANK1                          A0       A0       3B         1
                dataBANK1                            E0       E0        1         1
                bssBANK1                             DB       DB        5         1

        CLASS   BANK2          
                cstackBANK2                         148      148       12         1
                dataBANK2                           120      120       28         1
                bssBANK2                            15A      15A        8         1

        CLASS   BANK3          
                dataBANK3                           1C0      1C0       14         1
                bssBANK3                            1A0      1A0       20         1

        CLASS   BANK4          
                cstackBANK4                         220      220       21         1

        CLASS   BANK5          

        CLASS   BANK6          

        CLASS   BANK7          

        CLASS   BANK8          

        CLASS   BANK9          

        CLASS   BANK10         

        CLASS   BANK11         

        CLASS   BANK12         

        CLASS   BIGRAM         

        CLASS   RAM            

        CLASS   ABS1           
                abs_s1                               7E       7E        2         1

        CLASS   SFR0           

        CLASS   SFR1           

        CLASS   SFR2           

        CLASS   SFR3           

        CLASS   SFR4           

        CLASS   SFR5           

        CLASS   SFR6           

        CLASS   SFR7           

        CLASS   SFR8           

        CLASS   SFR9           

        CLASS   SFR10          

        CLASS   SFR11          

        CLASS   SFR12          

        CLASS   SFR13          

        CLASS   SFR14          

        CLASS   SFR15          

        CLASS   SFR16          

        CLASS   SFR17          

        CLASS   SFR18          

        CLASS   SFR19          

        CLASS   SFR20          

        CLASS   SFR21          

        CLASS   SFR22          

        CLASS   SFR23          

        CLASS   SFR24          

        CLASS   SFR25          

        CLASS   SFR26          

        CLASS   SFR27          

        CLASS   SFR28          

        CLASS   SFR29          

        CLASS   SFR30          

        CLASS   SFR31          

        CLASS   CONFIG         
                config                             8007     8007        2         4

        CLASS   IDLOC          
                idloc                              8000     8000        4         5

        CLASS   EEDATA         

        CLASS   BANK31         

        CLASS   BANK30         

        CLASS   BANK29         

        CLASS   BANK28         

        CLASS   BANK27         

        CLASS   BANK26         

        CLASS   BANK25         

        CLASS   BANK24         

        CLASS   BANK23         

        CLASS   BANK22         

        CLASS   BANK21         

        CLASS   BANK20         

        CLASS   BANK19         

        CLASS   BANK18         

        CLASS   BANK17         

        CLASS   BANK16         

        CLASS   BANK15         

        CLASS   BANK14         

        CLASS   BANK13         



SEGMENTS        Name                           Load    Length   Top    Selector   Space  Class     Delta

                reset_vec                      000000  000003  000003         0       0  CODE        2
                idataCOMMON                    000003  000001  000004         6       0  CODE        2
                intentry                       000004  000804  000808         8       0  CODE        2
                cstackBANK0                    000020  000050  000070        20       1  BANK0       1
                cstackCOMMON                   000070  00000B  00007B        70       1  COMMON      1
                cstackBANK1                    0000A0  000041  0000E1        A0       1  BANK1       1
                dataBANK2                      000120  000042  000162       120       1  BANK2       1
                bssBANK3                       0001A0  000034  0001D4       1A0       1  BANK3       1
                cstackBANK4                    000220  000021  000241       220       1  BANK4       1
                text34                         000808  0000EA  0008F2      1010       0  CODE        2
                maintext_split_1               0008F2  000116  000A08      11E4       0  CODE        2
                text7                          000A08  000159  000B61      1410       0  CODE        2
                text27                         000B61  000169  000CCA      16C2       0  CODE        2
                maintext                       000CCA  00017F  000E49      1994       0  CODE        2
                maintext_split_3               000E49  0001DB  001024      1C92       0  CODE        2
                text8                          001024  000024  001048      2048       0  CODE        2
                text23                         001048  000027  00106F      2090       0  CODE        2
                text40                         00106F  000028  001097      20DE       0  CODE        2
                idataBANK2                     001097  000028  0010BF      212E       0  CODE        2
                text30                         0010BF  000029  0010E8      217E       0  CODE        2
                text44                         0010E8  00002F  001117      21D0       0  CODE        2
                text25                         001117  000037  00114E      222E       0  CODE        2
                text1                          00114E  000038  001186      229C       0  CODE        2
                text12                         001186  000039  0011BF      230C       0  CODE        2
                text5                          0011BF  00003C  0011FB      237E       0  CODE        2
                text6                          0011FB  000042  00123D      23F6       0  CODE        2
                text39                         00123D  000045  001282      247A       0  CODE        2
                text18                         001282  000050  0012D2      2504       0  CODE        2
                text41                         0012D2  000051  001323      25A4       0  CODE        2
                text31                         001323  000052  001375      2646       0  CODE        2
                text11                         001375  000057  0013CC      26EA       0  CODE        2
                text21                         0013CC  000086  001452      2798       0  CODE        2
                text53                         001452  00008C  0014DE      28A4       0  CODE        2
                text35                         0014DE  000104  0015E2      29BC       0  CODE        2
                text26                         0015E2  00010A  0016EC      2BC4       0  CODE        2
                maintext_split_2               0016EC  000114  001800      2DD8       0  CODE        2
                text32                         001D51  000001  001D52      3AA2       0  CODE        2
                text49                         001D52  000004  001D56      3AA4       0  CODE        2
                text59                         001D56  000006  001D5C      3AAC       0  CODE        2
                text58                         001D5C  000006  001D62      3AB8       0  CODE        2
                clrtext                        001D62  000006  001D68      3AC4       0  CODE        2
                inittext                       001D68  000006  001D6E      3AD0       0  CODE        2
                text45                         001D6E  000009  001D77      3ADC       0  CODE        2
                text62                         001D77  00000B  001D82      3AEE       0  CODE        2
                text60                         001D82  00000C  001D8E      3B04       0  CODE        2
                text51                         001D8E  00000C  001D9A      3B1C       0  CODE        2
                text46                         001D9A  00000C  001DA6      3B34       0  CODE        2
                text38                         001DA6  00000C  001DB2      3B4C       0  CODE        2
                text37                         001DB2  00000C  001DBE      3B64       0  CODE        2
                text36                         001DBE  00000C  001DCA      3B7C       0  CODE        2
                text16                         001DCA  00000C  001DD6      3B94       0  CODE        2
                text15                         001DD6  00000C  001DE2      3BAC       0  CODE        2
                text14                         001DE2  00000C  001DEE      3BC4       0  CODE        2
                text13                         001DEE  00000C  001DFA      3BDC       0  CODE        2
                text2                          001DFA  00000C  001E06      3BF4       0  CODE        2
                text48                         001E06  00000D  001E13      3C0C       0  CODE        2
                text57                         001E13  00000E  001E21      3C26       0  CODE        2
                text61                         001E21  00000F  001E30      3C42       0  CODE        2
                text56                         001E30  000013  001E43      3C60       0  CODE        2
                idataBANK3                     001E43  000014  001E57      3C86       0  CODE        2
                text55                         001E57  000015  001E6C      3CAE       0  CODE        2
                text24                         001E6C  000015  001E81      3CD8       0  CODE        2
                text22                         001E81  000017  001E98      3D02       0  CODE        2
                text54                         001E98  000018  001EB0      3D30       0  CODE        2
                text43                         001EB0  000019  001EC9      3D60       0  CODE        2
                text29                         001EC9  000019  001EE2      3D92       0  CODE        2
                text17                         001EE2  000019  001EFB      3DC4       0  CODE        2
                text3                          001EFB  000019  001F14      3DF6       0  CODE        2
                text63                         001F14  00001B  001F2F      3E28       0  CODE        2
                text47                         001F2F  00001B  001F4A      3E5E       0  CODE        2
                text33                         001F4A  00001C  001F66      3E94       0  CODE        2
                text20                         001F66  00001C  001F82      3ECC       0  CODE        2
                text19                         001F82  00001C  001F9E      3F04       0  CODE        2
                text50                         001F9E  00001F  001FBD      3F3C       0  CODE        2
                text42                         001FBD  00001F  001FDC      3F7A       0  CODE        2
                text10                         001FDC  000024  002000      3FB8       0  CODE        2
                stringtext1                    002000  0002DE  0022DE      4000       0  STRCODE     2


UNUSED ADDRESS RANGES

        Name                Unused          Largest block    Delta
        BANK1            0000E1-0000EF                F           1
        BANK10           000520-00056F               50           1
        BANK11           0005A0-0005EF               50           1
        BANK12           000620-00064F               30           1
        BANK2            000162-00016F                E           1
        BANK3            0001D4-0001EF               1C           1
        BANK4            000241-00026F               2F           1
        BANK5            0002A0-0002EF               50           1
        BANK6            000320-00036F               50           1
        BANK7            0003A0-0003EF               50           1
        BANK8            000420-00046F               50           1
        BANK9            0004A0-0004EF               50           1
        BIGRAM           002000-0023EF              3F0           1
        CODE             001800-001D50              551           2
                         0022DE-003FFF              800
        COMMON           00007B-00007D                3           1
        CONST            001800-001D50              100           2
                         0022DE-003FFF              100
        EEDATA           00F000-00F0FF              100           2
        ENTRY            001800-001D50              100           2
                         0022DE-003FFF              100
        RAM              0000E1-0000EF                F           1
                         000162-00016F                E
                         0001D4-0001EF               1C
                         000241-00026F               2F
                         0002A0-0002EF               50
                         000320-00036F               50
                         0003A0-0003EF               50
                         000420-00046F               50
                         0004A0-0004EF               50
                         000520-00056F               50
                         0005A0-0005EF               50
                         000620-00064F               30
        SFR0             000000-00001F               20           1
        SFR1             000080-00009F               20           1
        SFR10            000500-00051F               20           1
        SFR11            000580-00059F               20           1
        SFR12            000600-00061F               20           1
        SFR13            000680-0006EF               70           1
        SFR14            000700-00076F               70           1
        SFR15            000780-0007EF               70           1
        SFR16            000800-00086F               70           1
        SFR17            000880-0008EF               70           1
        SFR18            000900-00096F               70           1
        SFR19            000980-0009EF               70           1
        SFR2             000100-00011F               20           1
        SFR20            000A00-000A6F               70           1
        SFR21            000A80-000AEF               70           1
        SFR22            000B00-000B6F               70           1
        SFR23            000B80-000BEF               70           1
        SFR24            000C00-000C6F               70           1
        SFR25            000C80-000CEF               70           1
        SFR26            000D00-000D6F               70           1
        SFR27            000D80-000DEF               70           1
        SFR28            000E00-000E6F               70           1
        SFR29            000E80-000EEF               70           1
        SFR3             000180-00019F               20           1
        SFR30            000F00-000F6F               70           1
        SFR31            000F80-000FEF               70           1
        SFR4             000200-00021F               20           1
        SFR5             000280-00029F               20           1
        SFR6             000300-00031F               20           1
        SFR7             000380-00039F               20           1
        SFR8             000400-00041F               20           1
        SFR9             000480-00049F               20           1
        STACK            002161-0023EF              28F           1
        STRCODE          001800-001D50              551           2
                         0022DE-003FFF             1D22
        STRING           001800-001D50              100           2
                         0022DE-003FFF              100

                                  Symbol Table

?_ADC_GetConversion                cstackCOMMON     000073
?___aodiv                          cstackBANK0      000020
?___aomod                          cstackBANK0      000020
?_abs                              cstackCOMMON     000076
?_dtoa                             cstackBANK0      00003A
?_pad                              cstackBANK0      00002D
?_printf                           cstackBANK0      00006E
?_sprintf                          cstackBANK1      0000A3
?_strcat                           cstackBANK0      00002C
?_strlen                           cstackCOMMON     000073
?_vfpfcnvrt                        cstackBANK0      000058
?_vfprintf                         cstackBANK0      000069
ADC_GetConversion@channel          cstackCOMMON     000076
I2C_Master_Write@data              cstackCOMMON     000073
I2C_Slave_Read_Write@temp_809      cstackCOMMON     000072
I2C_Slave_Read_Write@temp_810      cstackCOMMON     000071
IO_Expander_Write@Data             cstackCOMMON     000074
LCD_CMD@CMD                        cstackBANK0      000020
LCD_Init@I2C_Add                   cstackBANK0      000023
LCD_Set_Cursor@COL                 cstackBANK0      000021
LCD_Set_Cursor@ROW                 cstackBANK0      000024
LCD_Write_4Bit@Nibble              cstackCOMMON     000076
LCD_Write_Char@Data                cstackBANK0      000020
LCD_Write_String@Str               cstackBANK0      000021
LCD_Write_String@i                 cstackBANK0      000024
_ACKDT                             (abs)            0010B5
_ACKEN                             (abs)            0010B4
_ACKSTAT                           (abs)            0010B6
_ADCON0                            (abs)            00009D
_ADCON0bits                        (abs)            00009D
_ADCON1                            (abs)            00009E
_ADC_GetConversion                 text63           001F14
_ADC_Initialize                    text52           000800
_ADRESH                            (abs)            00009C
_ADRESL                            (abs)            00009B
_ANSELA                            (abs)            00018C
_ANSELB                            (abs)            00018D
_ANSELD                            (abs)            00018F
_ANSELE                            (abs)            000190
_APFCON                            (abs)            00011D
_BORCON                            (abs)            000116
_BackLight_State                   dataBANK1        0000E0
_CKP                               (abs)            0010AC
_D_nA                              (abs)            0010A5
_EEADRH                            (abs)            000192
_EEADRL                            (abs)            000191
_EECON1bits                        (abs)            000195
_EECON2                            (abs)            000196
_EEDATH                            (abs)            000194
_EEDATL                            (abs)            000193
_GIE                               (abs)            00005F
_I2C_Master_Init                   text62           001D77
_I2C_Master_Start                  text59           001D56
_I2C_Master_Stop                   text58           001D5C
_I2C_Master_Wait                   text60           001D82
_I2C_Master_Write                  text57           001E13
_I2C_Slave_Init                    text61           001E21
_I2C_Slave_Read_Write              intentry         000004
_INTCONbits                        (abs)            00000B
_IO_Expander_Write                 text56           001E30
_LATA                              (abs)            00010C
_LATAbits                          (abs)            00010C
_LATB                              (abs)            00010D
_LATBbits                          (abs)            00010D
_LATC                              (abs)            00010E
_LATD                              (abs)            00010F
_LATE                              (abs)            000110
_LATEbits                          (abs)            000110
_LCD_CMD                           text54           001E98
_LCD_Clear                         text45           001D6E
_LCD_Init                          text53           001452
_LCD_Set_Cursor                    text44           0010E8
_LCD_Write_4Bit                    text55           001E57
_LCD_Write_Char                    text43           001EB0
_LCD_Write_String                  text42           001FBD
_OPTION_REGbits                    (abs)            000095
_OSCCON                            (abs)            000099
_OSCILLATOR_Initialize             text51           001D8E
_OSCTUNE                           (abs)            000098
_PEIE                              (abs)            00005E
_PEN                               (abs)            0010B2
_PIN_MANAGER_Initialize            text50           001F9E
_PLLR                              (abs)            0004D6
_PORTCbits                         (abs)            00000E
_PORTDbits                         (abs)            00000F
_RCEN                              (abs)            0010B3
_RS                                bssBANK1         0000DE
_RSEN                              (abs)            0010B1
_R_nW                              (abs)            0010A2
_SEN                               (abs)            0010B0
_SSPADD                            (abs)            000212
_SSPBUF                            (abs)            000211
_SSPCON                            (abs)            000215
_SSPCON2                           (abs)            000216
_SSPCON2bits                       (abs)            000216
_SSPIE                             (abs)            00048B
_SSPIF                             (abs)            00008B
_SSPOV                             (abs)            0010AE
_SSPSTAT                           (abs)            000214
_SSPSTATbits                       (abs)            000214
_SYSTEM_Initialize                 text48           001E06
_TRISA                             (abs)            00008C
_TRISB                             (abs)            00008D
_TRISC                             (abs)            00008E
_TRISC3                            (abs)            000473
_TRISC4                            (abs)            000474
_TRISD                             (abs)            00008F
_TRISE                             (abs)            000090
_WCOL                              (abs)            0010AF
_WDTCON                            (abs)            000097
_WDT_Initialize                    text49           001D52
_WPUB                              (abs)            00020D
_WPUE                              (abs)            000210
__Habs1                            abs1             000000
__Hbank0                           bank0            000000
__Hbank1                           bank1            000000
__Hbank10                          bank10           000000
__Hbank11                          bank11           000000
__Hbank12                          bank12           000000
__Hbank13                          bank13           000000
__Hbank14                          bank14           000000
__Hbank15                          bank15           000000
__Hbank16                          bank16           000000
__Hbank17                          bank17           000000
__Hbank18                          bank18           000000
__Hbank19                          bank19           000000
__Hbank2                           bank2            000000
__Hbank20                          bank20           000000
__Hbank21                          bank21           000000
__Hbank22                          bank22           000000
__Hbank23                          bank23           000000
__Hbank24                          bank24           000000
__Hbank25                          bank25           000000
__Hbank26                          bank26           000000
__Hbank27                          bank27           000000
__Hbank28                          bank28           000000
__Hbank29                          bank29           000000
__Hbank3                           bank3            000000
__Hbank30                          bank30           000000
__Hbank31                          bank31           000000
__Hbank4                           bank4            000000
__Hbank5                           bank5            000000
__Hbank6                           bank6            000000
__Hbank7                           bank7            000000
__Hbank8                           bank8            000000
__Hbank9                           bank9            000000
__Hbigram                          bigram           000000
__HbssBANK1                        bssBANK1         000000
__HbssBANK2                        bssBANK2         000000
__HbssBANK3                        bssBANK3         000000
__HbssCOMMON                       bssCOMMON        000000
__Hcinit                           cinit            000103
__Hclrtext                         clrtext          000000
__Hcode                            code             000000
__Hcommon                          common           000000
__Hconfig                          config           008009
__HcstackBANK0                     cstackBANK0      000000
__HcstackBANK1                     cstackBANK1      000000
__HcstackBANK2                     cstackBANK2      000000
__HcstackBANK4                     cstackBANK4      000000
__HcstackCOMMON                    cstackCOMMON     000000
__HdataBANK1                       dataBANK1        000000
__HdataBANK2                       dataBANK2        000000
__HdataBANK3                       dataBANK3        000000
__HdataCOMMON                      dataCOMMON       000000
__Heeprom_data                     eeprom_data      000000
__Hend_init                        end_init         0000C7
__Hfunctab                         functab          000000
__HidataBANK1                      idataBANK1       000000
__HidataBANK2                      idataBANK2       000000
__HidataBANK3                      idataBANK3       000000
__HidataCOMMON                     idataCOMMON      000000
__Hidloc                           idloc            008004
__Hinit                            init             0000C5
__Hinittext                        inittext         000000
__Hintentry                        intentry         0000C5
__Hmaintext                        maintext         000000
__Hmaintext_split_1                maintext_split_1 000000
__Hmaintext_split_2                maintext_split_2 000000
__Hmaintext_split_3                maintext_split_3 000000
__Hmaintext_split_4                maintext_split_4 000000
__Hpowerup                         powerup          000000
__Hram                             ram              000000
__Hreset_vec                       reset_vec        000002
__Hsfr0                            sfr0             000000
__Hsfr1                            sfr1             000000
__Hsfr10                           sfr10            000000
__Hsfr11                           sfr11            000000
__Hsfr12                           sfr12            000000
__Hsfr13                           sfr13            000000
__Hsfr14                           sfr14            000000
__Hsfr15                           sfr15            000000
__Hsfr16                           sfr16            000000
__Hsfr17                           sfr17            000000
__Hsfr18                           sfr18            000000
__Hsfr19                           sfr19            000000
__Hsfr2                            sfr2             000000
__Hsfr20                           sfr20            000000
__Hsfr21                           sfr21            000000
__Hsfr22                           sfr22            000000
__Hsfr23                           sfr23            000000
__Hsfr24                           sfr24            000000
__Hsfr25                           sfr25            000000
__Hsfr26                           sfr26            000000
__Hsfr27                           sfr27            000000
__Hsfr28                           sfr28            000000
__Hsfr29                           sfr29            000000
__Hsfr3                            sfr3             000000
__Hsfr30                           sfr30            000000
__Hsfr31                           sfr31            000000
__Hsfr4                            sfr4             000000
__Hsfr5                            sfr5             000000
__Hsfr6                            sfr6             000000
__Hsfr7                            sfr7             000000
__Hsfr8                            sfr8             000000
__Hsfr9                            sfr9             000000
__Hspace_0                         (abs)            0022DE
__Hspace_1                         (abs)            000241
__Hspace_2                         (abs)            000000
__Hspace_3                         (abs)            000000
__Hspace_4                         (abs)            010010
__Hstack                           stack            000000
__Hstrings                         strings          000000
__Hstringtext1                     stringtext1      000000
__Hstringtext10                    stringtext10     000000
__Hstringtext11                    stringtext11     000000
__Hstringtext12                    stringtext12     000000
__Hstringtext13                    stringtext13     000000
__Hstringtext14                    stringtext14     000000
__Hstringtext15                    stringtext15     000000
__Hstringtext16                    stringtext16     000000
__Hstringtext17                    stringtext17     000000
__Hstringtext18                    stringtext18     000000
__Hstringtext19                    stringtext19     000000
__Hstringtext2                     stringtext2      000000
__Hstringtext20                    stringtext20     000000
__Hstringtext21                    stringtext21     000000
__Hstringtext22                    stringtext22     000000
__Hstringtext23                    stringtext23     000000
__Hstringtext24                    stringtext24     000000
__Hstringtext25                    stringtext25     000000
__Hstringtext26                    stringtext26     000000
__Hstringtext27                    stringtext27     000000
__Hstringtext28                    stringtext28     000000
__Hstringtext29                    stringtext29     000000
__Hstringtext3                     stringtext3      000000
__Hstringtext30                    stringtext30     000000
__Hstringtext31                    stringtext31     000000
__Hstringtext32                    stringtext32     000000
__Hstringtext33                    stringtext33     000000
__Hstringtext34                    stringtext34     000000
__Hstringtext35                    stringtext35     000000
__Hstringtext36                    stringtext36     000000
__Hstringtext37                    stringtext37     000000
__Hstringtext38                    stringtext38     000000
__Hstringtext39                    stringtext39     000000
__Hstringtext4                     stringtext4      000000
__Hstringtext40                    stringtext40     000000
__Hstringtext41                    stringtext41     000000
__Hstringtext42                    stringtext42     000000
__Hstringtext43                    stringtext43     000000
__Hstringtext44                    stringtext44     000000
__Hstringtext45                    stringtext45     000000
__Hstringtext46                    stringtext46     000000
__Hstringtext47                    stringtext47     000000
__Hstringtext48                    stringtext48     000000
__Hstringtext49                    stringtext49     000000
__Hstringtext5                     stringtext5      000000
__Hstringtext50                    stringtext50     000000
__Hstringtext51                    stringtext51     000000
__Hstringtext52                    stringtext52     000000
__Hstringtext53                    stringtext53     000000
__Hstringtext54                    stringtext54     000000
__Hstringtext55                    stringtext55     000000
__Hstringtext56                    stringtext56     000000
__Hstringtext6                     stringtext6      000000
__Hstringtext7                     stringtext7      000000
__Hstringtext8                     stringtext8      000000
__Hstringtext9                     stringtext9      000000
__Htext                            text             000000
__Labs1                            abs1             000000
__Lbank0                           bank0            000000
__Lbank1                           bank1            000000
__Lbank10                          bank10           000000
__Lbank11                          bank11           000000
__Lbank12                          bank12           000000
__Lbank13                          bank13           000000
__Lbank14                          bank14           000000
__Lbank15                          bank15           000000
__Lbank16                          bank16           000000
__Lbank17                          bank17           000000
__Lbank18                          bank18           000000
__Lbank19                          bank19           000000
__Lbank2                           bank2            000000
__Lbank20                          bank20           000000
__Lbank21                          bank21           000000
__Lbank22                          bank22           000000
__Lbank23                          bank23           000000
__Lbank24                          bank24           000000
__Lbank25                          bank25           000000
__Lbank26                          bank26           000000
__Lbank27                          bank27           000000
__Lbank28                          bank28           000000
__Lbank29                          bank29           000000
__Lbank3                           bank3            000000
__Lbank30                          bank30           000000
__Lbank31                          bank31           000000
__Lbank4                           bank4            000000
__Lbank5                           bank5            000000
__Lbank6                           bank6            000000
__Lbank7                           bank7            000000
__Lbank8                           bank8            000000
__Lbank9                           bank9            000000
__Lbigram                          bigram           000000
__LbssBANK1                        bssBANK1         000000
__LbssBANK2                        bssBANK2         000000
__LbssBANK3                        bssBANK3         000000
__LbssCOMMON                       bssCOMMON        000000
__Lcinit                           cinit            0000C7
__Lclrtext                         clrtext          000000
__Lcode                            code             000000
__Lcommon                          common           000000
__Lconfig                          config           000000
__LcstackBANK0                     cstackBANK0      000000
__LcstackBANK1                     cstackBANK1      000000
__LcstackBANK2                     cstackBANK2      000000
__LcstackBANK4                     cstackBANK4      000000
__LcstackCOMMON                    cstackCOMMON     000000
__LdataBANK1                       dataBANK1        000000
__LdataBANK2                       dataBANK2        000000
__LdataBANK3                       dataBANK3        000000
__LdataCOMMON                      dataCOMMON       000000
__Leeprom_data                     eeprom_data      000000
__Lend_init                        end_init         0000C5
__Lfunctab                         functab          000000
__LidataBANK1                      idataBANK1       000000
__LidataBANK2                      idataBANK2       000000
__LidataBANK3                      idataBANK3       000000
__LidataCOMMON                     idataCOMMON      000000
__Lidloc                           idloc            000000
__Linit                            init             0000C5
__Linittext                        inittext         000000
__Lintentry                        intentry         000004
__Lmaintext                        maintext         000000
__Lmaintext_split_1                maintext_split_1 000000
__Lmaintext_split_2                maintext_split_2 000000
__Lmaintext_split_3                maintext_split_3 000000
__Lmaintext_split_4                maintext_split_4 000000
__Lpowerup                         powerup          000000
__Lram                             ram              000000
__Lreset_vec                       reset_vec        000000
__Lsfr0                            sfr0             000000
__Lsfr1                            sfr1             000000
__Lsfr10                           sfr10            000000
__Lsfr11                           sfr11            000000
__Lsfr12                           sfr12            000000
__Lsfr13                           sfr13            000000
__Lsfr14                           sfr14            000000
__Lsfr15                           sfr15            000000
__Lsfr16                           sfr16            000000
__Lsfr17                           sfr17            000000
__Lsfr18                           sfr18            000000
__Lsfr19                           sfr19            000000
__Lsfr2                            sfr2             000000
__Lsfr20                           sfr20            000000
__Lsfr21                           sfr21            000000
__Lsfr22                           sfr22            000000
__Lsfr23                           sfr23            000000
__Lsfr24                           sfr24            000000
__Lsfr25                           sfr25            000000
__Lsfr26                           sfr26            000000
__Lsfr27                           sfr27            000000
__Lsfr28                           sfr28            000000
__Lsfr29                           sfr29            000000
__Lsfr3                            sfr3             000000
__Lsfr30                           sfr30            000000
__Lsfr31                           sfr31            000000
__Lsfr4                            sfr4             000000
__Lsfr5                            sfr5             000000
__Lsfr6                            sfr6             000000
__Lsfr7                            sfr7             000000
__Lsfr8                            sfr8             000000
__Lsfr9                            sfr9             000000
__Lspace_0                         (abs)            000000
__Lspace_1                         (abs)            000000
__Lspace_2                         (abs)            000000
__Lspace_3                         (abs)            000000
__Lspace_4                         (abs)            000000
__Lstack                           stack            000000
__Lstrings                         strings          000000
__Lstringtext1                     stringtext1      000000
__Lstringtext10                    stringtext10     000000
__Lstringtext11                    stringtext11     000000
__Lstringtext12                    stringtext12     000000
__Lstringtext13                    stringtext13     000000
__Lstringtext14                    stringtext14     000000
__Lstringtext15                    stringtext15     000000
__Lstringtext16                    stringtext16     000000
__Lstringtext17                    stringtext17     000000
__Lstringtext18                    stringtext18     000000
__Lstringtext19                    stringtext19     000000
__Lstringtext2                     stringtext2      000000
__Lstringtext20                    stringtext20     000000
__Lstringtext21                    stringtext21     000000
__Lstringtext22                    stringtext22     000000
__Lstringtext23                    stringtext23     000000
__Lstringtext24                    stringtext24     000000
__Lstringtext25                    stringtext25     000000
__Lstringtext26                    stringtext26     000000
__Lstringtext27                    stringtext27     000000
__Lstringtext28                    stringtext28     000000
__Lstringtext29                    stringtext29     000000
__Lstringtext3                     stringtext3      000000
__Lstringtext30                    stringtext30     000000
__Lstringtext31                    stringtext31     000000
__Lstringtext32                    stringtext32     000000
__Lstringtext33                    stringtext33     000000
__Lstringtext34                    stringtext34     000000
__Lstringtext35                    stringtext35     000000
__Lstringtext36                    stringtext36     000000
__Lstringtext37                    stringtext37     000000
__Lstringtext38                    stringtext38     000000
__Lstringtext39                    stringtext39     000000
__Lstringtext4                     stringtext4      000000
__Lstringtext40                    stringtext40     000000
__Lstringtext41                    stringtext41     000000
__Lstringtext42                    stringtext42     000000
__Lstringtext43                    stringtext43     000000
__Lstringtext44                    stringtext44     000000
__Lstringtext45                    stringtext45     000000
__Lstringtext46                    stringtext46     000000
__Lstringtext47                    stringtext47     000000
__Lstringtext48                    stringtext48     000000
__Lstringtext49                    stringtext49     000000
__Lstringtext5                     stringtext5      000000
__Lstringtext50                    stringtext50     000000
__Lstringtext51                    stringtext51     000000
__Lstringtext52                    stringtext52     000000
__Lstringtext53                    stringtext53     000000
__Lstringtext54                    stringtext54     000000
__Lstringtext55                    stringtext55     000000
__Lstringtext56                    stringtext56     000000
__Lstringtext6                     stringtext6      000000
__Lstringtext7                     stringtext7      000000
__Lstringtext8                     stringtext8      000000
__Lstringtext9                     stringtext9      000000
__Ltext                            text             000000
__S0                               (abs)            0022DE
__S1                               (abs)            000241
__S2                               (abs)            000000
__S3                               (abs)            000000
___aodiv                           text35           0014DE
___aodiv@counter                   cstackBANK0      000030
___aodiv@dividend                  cstackBANK0      000028
___aodiv@divisor                   cstackBANK0      000020
___aodiv@quotient                  cstackBANK0      000032
___aodiv@sign                      cstackBANK0      000031
___aomod                           text34           000808
___aomod@counter                   cstackCOMMON     000074
___aomod@dividend                  cstackBANK0      000028
___aomod@divisor                   cstackBANK0      000020
___aomod@sign                      cstackCOMMON     000075
___int_sp                          stack            000000
___latbits                         (abs)            000003
___sp                              stack            000000
___stackhi                         (abs)            0023EF
___stacklo                         (abs)            002161
__end_of_ADC_GetConversion         text63           001F2F
__end_of_ADC_Initialize            text52           000808
__end_of_I2C_Master_Init           text62           001D82
__end_of_I2C_Master_Start          text59           001D5C
__end_of_I2C_Master_Stop           text58           001D62
__end_of_I2C_Master_Wait           text60           001D8E
__end_of_I2C_Master_Write          text57           001E21
__end_of_I2C_Slave_Init            text61           001E30
__end_of_I2C_Slave_Read_Write      intentry         0000C5
__end_of_IO_Expander_Write         text56           001E43
__end_of_LCD_CMD                   text54           001EB0
__end_of_LCD_Clear                 text45           001D77
__end_of_LCD_Init                  text53           0014DE
__end_of_LCD_Set_Cursor            text44           001117
__end_of_LCD_Write_4Bit            text55           001E6C
__end_of_LCD_Write_Char            text43           001EC9
__end_of_LCD_Write_String          text42           001FDC
__end_of_OSCILLATOR_Initialize     text51           001D9A
__end_of_PIN_MANAGER_Initialize    text50           001FBD
__end_of_SYSTEM_Initialize         text48           001E13
__end_of_WDT_Initialize            text49           001D56
__end_of___aodiv                   text35           0015E2
__end_of___aomod                   text34           0008F2
__end_of__initialization           cinit            0000FF
__end_of_abs                       text33           001F66
__end_of_activerBuzzer             text40           001097
__end_of_activerTouche             text47           001F4A
__end_of_alerteDefaut              text21           001452
__end_of_alerteDefautEtape16       text7            000B61
__end_of_alimenter                 text46           001DA6
__end_of_attenteAquittement        text17           001EFB
__end_of_attenteAquittement2       text6            00123D
__end_of_attenteDemarrageSlave     text5            0011FB
__end_of_displayManager            text41           001323
__end_of_dtoa                      text27           000CCA
__end_of_errorAlert                text39           001282
__end_of_fputc                     text31           001375
__end_of_fputs                     text30           0010E8
__end_of_initialConditions         text12           0011BF
__end_of_ledConforme               text38           001DB2
__end_of_ledNonConforme            text37           001DBE
__end_of_ledProgession             text36           001DCA
__end_of_main                      maintext_split_4 000782
__end_of_okAlert                   text3            001F14
__end_of_pad                       text28           0007DB
__end_of_pressBP1                  text16           001DD6
__end_of_pressBP2                  text15           001DE2
__end_of_printf                    text24           001E81
__end_of_putch                     text32           001D52
__end_of_reponseOperateur2         text18           0012D2
__end_of_setHorloge                text2            001E06
__end_of_setP1                     text14           001DEE
__end_of_setP2                     text13           001DFA
__end_of_sortieErreur              text11           0013CC
__end_of_sprintf                   text1            001186
__end_of_startAlert                text4            000800
__end_of_strcat                    text22           001E98
__end_of_strcpy                    text23           00106F
__end_of_strlen                    text29           001EE2
__end_of_testNOK                   text20           001F82
__end_of_testOK                    text19           001F9E
__end_of_testR1                    text10           002000
__end_of_testR2                    text9            001024
__end_of_testR3                    text8            001048
__end_of_vfpfcnvrt                 text26           0016EC
__end_of_vfprintf                  text25           00114E
__initialization                   cinit            0000C7
__pbssBANK1                        bssBANK1         0000DB
__pbssBANK2                        bssBANK2         00015A
__pbssBANK3                        bssBANK3         0001A0
__pbssCOMMON                       bssCOMMON        000078
__pcstackBANK0                     cstackBANK0      000020
__pcstackBANK1                     cstackBANK1      0000A0
__pcstackBANK2                     cstackBANK2      000148
__pcstackBANK4                     cstackBANK4      000220
__pcstackCOMMON                    cstackCOMMON     000070
__pdataBANK1                       dataBANK1        0000E0
__pdataBANK2                       dataBANK2        000120
__pdataBANK3                       dataBANK3        0001C0
__pdataCOMMON                      dataCOMMON       00007A
__pidataBANK1                      idataBANK1       000002
__pidataBANK2                      idataBANK2       001097
__pidataBANK3                      idataBANK3       001E43
__pidataCOMMON                     idataCOMMON      000003
__pintentry                        intentry         000004
__pmaintext                        maintext         000CCA
__pstringtext1                     stringtext1      002000
__pstringtext10                    stringtext10     0020C2
__pstringtext11                    stringtext11     0020D4
__pstringtext12                    stringtext12     0020E6
__pstringtext13                    stringtext13     0020F8
__pstringtext14                    stringtext14     002109
__pstringtext15                    stringtext15     00211A
__pstringtext16                    stringtext16     00212B
__pstringtext17                    stringtext17     00213C
__pstringtext18                    stringtext18     00214C
__pstringtext19                    stringtext19     00215C
__pstringtext2                     stringtext2      00201F
__pstringtext20                    stringtext20     00216B
__pstringtext21                    stringtext21     00217A
__pstringtext22                    stringtext22     002189
__pstringtext23                    stringtext23     002198
__pstringtext24                    stringtext24     0021A7
__pstringtext25                    stringtext25     0021B6
__pstringtext26                    stringtext26     0021C5
__pstringtext27                    stringtext27     0021D3
__pstringtext28                    stringtext28     0021E1
__pstringtext29                    stringtext29     0021EF
__pstringtext3                     stringtext3      002039
__pstringtext30                    stringtext30     0021FC
__pstringtext31                    stringtext31     002208
__pstringtext32                    stringtext32     002214
__pstringtext33                    stringtext33     00221F
__pstringtext34                    stringtext34     00222A
__pstringtext35                    stringtext35     002233
__pstringtext36                    stringtext36     00223C
__pstringtext37                    stringtext37     002245
__pstringtext38                    stringtext38     00224E
__pstringtext39                    stringtext39     002257
__pstringtext4                     stringtext4      00204E
__pstringtext40                    stringtext40     002260
__pstringtext41                    stringtext41     002269
__pstringtext42                    stringtext42     002272
__pstringtext43                    stringtext43     00227B
__pstringtext44                    stringtext44     002283
__pstringtext45                    stringtext45     00228B
__pstringtext46                    stringtext46     002293
__pstringtext47                    stringtext47     00229B
__pstringtext48                    stringtext48     0022A3
__pstringtext49                    stringtext49     0022AB
__pstringtext5                     stringtext5      002063
__pstringtext50                    stringtext50     0022B3
__pstringtext51                    stringtext51     0022BB
__pstringtext52                    stringtext52     0022C3
__pstringtext53                    stringtext53     0022CB
__pstringtext54                    stringtext54     0022D3
__pstringtext55                    stringtext55     0022DB
__pstringtext56                    stringtext56     000000
__pstringtext6                     stringtext6      002077
__pstringtext7                     stringtext7      00208B
[...]
__size_of_alimenter                (abs)            000000
__size_of_attenteAquittement       (abs)            000000
__size_of_attenteAquittement2      (abs)            000000
__size_of_attenteDemarrageSlave    (abs)            000000
__size_of_displayManager           (abs)            000000
__size_of_dtoa                     (abs)            000000
__size_of_errorAlert               (abs)            000000
__size_of_fputc                    (abs)            000000
__size_of_fputs                    (abs)            000000
__size_of_initialConditions        (abs)            000000
__size_of_ledConforme              (abs)            000000
__size_of_ledNonConforme           (abs)            000000
__size_of_ledProgession            (abs)            000000
__size_of_main                     (abs)            000000
__size_of_okAlert                  (abs)            000000
__size_of_pad                      (abs)            000000
__size_of_pressBP1                 (abs)            000000
__size_of_pressBP2                 (abs)            000000
__size_of_printf                   (abs)            000000
__size_of_putch                    (abs)            000000
__size_of_reponseOperateur2        (abs)            000000
__size_of_setHorloge               (abs)            000000
__size_of_setP1                    (abs)            000000
__size_of_setP2                    (abs)            000000
__size_of_sortieErreur             (abs)            000000
__size_of_sprintf                  (abs)            000000
__size_of_startAlert               (abs)            000000
__size_of_strcat                   (abs)            000000
__size_of_strcpy                   (abs)            000000
__size_of_strlen                   (abs)            000000
__size_of_testNOK                  (abs)            000000
__size_of_testOK                   (abs)            000000
__size_of_testR1                   (abs)            000000
__size_of_testR2                   (abs)            000000
__size_of_testR3                   (abs)            000000
__size_of_vfpfcnvrt                (abs)            000000
__size_of_vfprintf                 (abs)            000000
_abs                               text33           001F4A
_activerBuzzer                     text40           00106F
_activerTouche                     text47           001F2F
_alerteDefaut                      text21           0013CC
_alerteDefaut$2071                 cstackBANK1      0000CA
_alerteDefautEtape16               text7            000A08
_alerteDefautEtape16$2072          cstackBANK4      00023E
_alimenter                         text46           001D9A
_attenteAquittement                text17           001EE2
_attenteAquittement2               text6            0011FB
_attenteDemarrageSlave             text5            0011BF
_dbuf                              bssBANK3         0001A0
_displayManager                    text41           0012D2
_dtoa                              text27           000B61
_dtoa$1694                         cstackBANK0      000046
_errorAlert                        text39           00123D
_flags                             bssCOMMON        000078
_fputc                             text31           001323
_fputs                             text30           0010BF
_i2c_add                           bssBANK1         0000DD
_initialConditions                 text12           001186
_ledConforme                       text38           001DA6
_ledNonConforme                    text37           001DB2
_ledProgession                     text36           001DBE
_main                              maintext         000CCA
_nout                              bssBANK2         00015A
_okAlert                           text3            001EFB
_ordre                             bssBANK1         0000DF
_pad                               text28           000782
_prec                              bssBANK1         0000DB
_pressBP1                          text16           001DCA
_pressBP2                          text15           001DD6
_printf                            text24           001E6C
_putch                             text32           001D51
_rd1RegCompleteHandler             (abs)            000000
_rd2RegCompleteHandler             (abs)            000000
_rdBlkRegCompleteHandler           (abs)            000000
_reponseOperateur2                 text18           001282
_setHorloge                        text2            001DFA
_setP1                             text14           001DE2
_setP2                             text13           001DEE
_slaveSummary                      dataCOMMON       00007A
_sortieErreur                      text11           001375
_sprintf                           text1            00114E
_startAlert                        text4            0007DB
_strcat                            text22           001E81
_strcpy                            text23           001048
_strlen                            text29           001EC9
_testNOK                           text20           001F66
_testOK                            text19           001F82
_testR1                            text10           001FDC
_testR2                            text9            001000
_testR3                            text8            001024
_vfpfcnvrt                         text26           0015E2
_vfprintf                          text25           001117
_width                             bssBANK2         00015C
_wr1RegCompleteHandler             (abs)            000000
_wr2RegCompleteHandler             (abs)            000000
abs@a                              cstackCOMMON     000076
activerBuzzer@i                    cstackCOMMON     000074
alerteDefaut@F3714                 dataBANK2        000120
alerteDefaut@F3716                 dataBANK2        00013E
alerteDefaut@eol                   cstackBANK1      0000AC
alerteDefaut@error                 cstackBANK1      0000B6
alerteDefaut@etape                 cstackBANK1      0000A5
alerteDefaut@testAct               cstackBANK1      0000A7
alerteDefaut@testVoy               cstackBANK1      0000A9
alerteDefautEtape16@F3777          dataBANK3        0001C0
alerteDefautEtape16@F3779          dataBANK2        000134
alerteDefautEtape16@autom          cstackBANK1      0000D0
alerteDefautEtape16@eol            cstackBANK4      000220
alerteDefautEtape16@error          cstackBANK4      00022A
alerteDefautEtape16@etape          cstackBANK1      0000CC
alerteDefautEtape16@ordre          cstackBANK1      0000D2
alerteDefautEtape16@prog           cstackBANK1      0000D1
alerteDefautEtape16@reponse        cstackBANK4      000240
alerteDefautEtape16@testAct        cstackBANK1      0000CE
alerteDefautEtape16@testVoy        cstackBANK1      0000CF
alimenter@active                   cstackCOMMON     000073
attenteAquittement2@autom          cstackBANK0      000021
attenteAquittement2@ordre          cstackCOMMON     000074
attenteAquittement2@repOperateur   cstackBANK0      000020
attenteAquittement2@testAct        cstackCOMMON     000073
attenteAquittement@autom           cstackCOMMON     000073
attenteAquittement@repOperateur    cstackCOMMON     000077
attenteAquittement@testAct         cstackCOMMON     000075
attenteDemarrageSlave@autom        cstackCOMMON     000077
attenteDemarrageSlave@order        cstackCOMMON     000075
attenteDemarrageSlave@prog         cstackCOMMON     000074
attenteDemarrageSlave@repOperateur cstackCOMMON     000076
attenteDemarrageSlave@testAct      cstackCOMMON     000073
btemp                              (abs)            00007E
clear_ram0                         clrtext          001D62
displayManager@s1                  cstackBANK0      000026
displayManager@s2                  cstackBANK0      000028
displayManager@s3                  cstackBANK0      00002A
displayManager@s4                  cstackBANK0      00002C
dtoa@d                             cstackBANK0      00003A
dtoa@fp                            cstackBANK0      000045
dtoa@i                             cstackBANK0      000056
dtoa@n                             cstackBANK0      00004E
dtoa@p                             cstackBANK0      000048
dtoa@s                             cstackBANK0      00004C
dtoa@w                             cstackBANK0      00004A
end_of_initialization              cinit            0000FF
errorAlert@i                       cstackBANK0      000022
errorAlert@j                       cstackBANK0      000020
fputc@c                            cstackCOMMON     000073
fputc@fp                           cstackCOMMON     000075
fputs@c                            cstackBANK0      000029
fputs@fp                           cstackBANK0      000025
fputs@i                            cstackBANK0      00002A
fputs@s                            cstackBANK0      00002C
init_ram                           inittext         001D68
initialConditions@autom            cstackBANK0      000024
initialConditions@prog             cstackBANK0      000026
initialConditions@testAct          cstackBANK0      000020
initialConditions@testVoy          cstackBANK0      000022
int$flags                          (abs)            00007E
intlevel0                          functab          000000
intlevel1                          functab          000000
intlevel2                          functab          000000
intlevel3                          functab          000000
intlevel4                          functab          000000
intlevel5                          functab          000000
ledConforme@active                 cstackCOMMON     000073
ledNonConforme@active              cstackCOMMON     000073
ledProgession@active               cstackCOMMON     000073
main@automatique                   cstackBANK2      000157
main@buffer                        cstackBANK2      000148
main@buffer_756                    cstackBANK2      00014A
main@lectureAN1                    cstackBANK2      000153
main@master                        cstackBANK2      000156
main@pap                           cstackBANK2      000151
main@programmation                 cstackBANK2      000155
main@slectureAN1                   cstackBANK2      00014C
main@testActif                     cstackBANK2      000159
main@testLeds                      cstackBANK2      000152
main@testVoyants                   cstackBANK2      000158
okAlert@i                          cstackBANK0      000023
pad@buf                            cstackBANK0      00002D
pad@fp                             cstackBANK0      000034
pad@i                              cstackBANK0      000030
pad@p                              cstackBANK0      00002E
pad@w                              cstackBANK0      000032
pnum$maintext                      (abs)            00004E
pnum$maintext_split_1              (abs)            000091
pnum$maintext_split_2              (abs)            000092
pnum$maintext_split_3              (abs)            000093
pnum$maintext_split_4              (abs)            000094
pressBP1@active                    cstackCOMMON     000073
pressBP2@active                    cstackCOMMON     000073
printf@ap                          cstackBANK1      0000A4
printf@fmt                         cstackBANK0      00006E
psplit$0                           (abs)            4E0091
psplit$1                           (abs)            910092
psplit$2                           (abs)            920093
psplit$3                           (abs)            930094
reponseOperateur2@automatique      cstackBANK0      000023
reponseOperateur2@ordre            cstackCOMMON     000075
reponseOperateur2@repOperateur     cstackBANK0      000024
reponseOperateur2@reponse          cstackBANK0      000022
reset_vec                          reset_vec        000000
setHorloge@active                  cstackCOMMON     000073
setP1@active                       cstackCOMMON     000073
setP2@active                       cstackCOMMON     000073
sortieErreur@autom                 cstackBANK0      000028
sortieErreur@prog                  cstackBANK0      00002E
sortieErreur@testAct               cstackBANK0      00002A
sortieErreur@testVoy               cstackBANK0      00002C
sprintf@ap                         cstackBANK1      0000A9
sprintf@f                          cstackBANK1      0000AB
sprintf@fmt                        cstackBANK1      0000A3
sprintf@ret                        cstackBANK1      0000A7
sprintf@s                          cstackBANK1      0000AA
start                              init             0000C5
startAlert@i                       cstackBANK0      000020
start_initialization               cinit            0000C7
strcat@dest                        cstackBANK0      00002C
strcat@src                         cstackBANK0      00002E
strcpy@d                           cstackBANK0      00002A
strcpy@dest                        cstackBANK0      000020
strcpy@s                           cstackBANK0      000028
strcpy@src                         cstackBANK0      000022
strlen@a                           cstackCOMMON     000075
strlen@s                           cstackCOMMON     000073
testNOK@active                     cstackCOMMON     000074
testNOK@result                     cstackCOMMON     000073
testOK@active                      cstackCOMMON     000074
testOK@result                      cstackCOMMON     000073
testR1@active                      cstackCOMMON     000074
testR1@result                      cstackCOMMON     000073
testR2@active                      cstackCOMMON     000074
testR2@result                      cstackCOMMON     000073
testR3@active                      cstackCOMMON     000074
testR3@result                      cstackCOMMON     000073
vfpfcnvrt@ap                       cstackBANK0      000059
vfpfcnvrt@fmt                      cstackBANK0      000058
vfpfcnvrt@fp                       cstackBANK0      000068
vfpfcnvrt@ll                       cstackBANK0      00005F
vfpfcnvrt@vp                       cstackBANK0      000067
vfprintf@ap                        cstackBANK0      00006B
vfprintf@cfmt                      cstackBANK1      0000A1
vfprintf@fmt                       cstackBANK0      000069
vfprintf@fp                        cstackBANK1      0000A0
wtemp0                             (abs)            00007E


MODULE INFORMATION

Module		Function		Class		Link	Load	Size
C:\Program Files\Microchip\xc8\v2.32\pic\sources\c99\common\nf_sprintf.c
		_sprintf       		CODE           	114E	0000	56

C:\Program Files\Microchip\xc8\v2.32\pic\sources\c99\common\nf_sprintf.c estimated size: 56

C:\Program Files\Microchip\xc8\v2.32\pic\sources\c99\common\doprnt.c
		_vfpfcnvrt     		CODE           	15E2	0000	266
		_pad           		CODE           	0782	0000	89
		_dtoa          		CODE           	0B61	0000	361
		_vfprintf      		CODE           	1117	0000	55

C:\Program Files\Microchip\xc8\v2.32\pic\sources\c99\common\doprnt.c estimated size: 771

mcc_generated_files/pin_manager.c
		_PIN_MANAGER_Initialize		CODE           	1F9E	0000	31

mcc_generated_files/pin_manager.c estimated size: 31

C:\Program Files\Microchip\xc8\v2.32\pic\sources\c99\common\nf_fputs.c
		_fputs         		CODE           	10BF	0000	41

C:\Program Files\Microchip\xc8\v2.32\pic\sources\c99\common\nf_fputs.c estimated size: 41

mcc_generated_files/adc.c
		_ADC_Initialize		CODE           	0800	0000	8
		_ADC_GetConversion		CODE           	1F14	0000	27

mcc_generated_files/adc.c estimated size: 35

C:\Program Files\Microchip\xc8\v2.32\pic\sources\c99\common\putch.c
		_putch         		CODE           	1D51	0000	1

C:\Program Files\Microchip\xc8\v2.32\pic\sources\c99\common\putch.c estimated size: 1

C:\Program Files\Microchip\xc8\v2.32\pic\sources\c99\common\abs.c
		_abs           		CODE           	1F4A	0000	28

C:\Program Files\Microchip\xc8\v2.32\pic\sources\c99\common\abs.c estimated size: 28

C:\Program Files\Microchip\xc8\v2.32\pic\sources\c99\common\aomod.c
		___aomod       		CODE           	0808	0000	234

C:\Program Files\Microchip\xc8\v2.32\pic\sources\c99\common\aomod.c estimated size: 234

shared
		__initialization		CODE           	00C7	0000	56

shared estimated size: 56

I2C_LCD.c
		_LCD_Init      		CODE           	1452	0000	140
		_LCD_Write_4Bit		CODE           	1E57	0000	21
		_LCD_Write_Char		CODE           	1EB0	0000	25
		_LCD_CMD       		CODE           	1E98	0000	24
		_I2C_Master_Wait		CODE           	1D82	0000	12
		_I2C_Master_Init		CODE           	1D77	0000	11
		_I2C_Master_Stop		CODE           	1D5C	0000	6
		_I2C_Slave_Init		CODE           	1E21	0000	15
		_LCD_Set_Cursor		CODE           	10E8	0000	47
		_LCD_Clear     		CODE           	1D6E	0000	9
		_IO_Expander_Write		CODE           	1E30	0000	19
		_I2C_Master_Write		CODE           	1E13	0000	14
		_I2C_Master_Start		CODE           	1D56	0000	6
		_LCD_Write_String		CODE           	1FBD	0000	31

I2C_LCD.c estimated size: 380

mcc_generated_files/mcc.c
		_WDT_Initialize		CODE           	1D52	0000	4
		_OSCILLATOR_Initialize		CODE           	1D8E	0000	12
		_SYSTEM_Initialize		CODE           	1E06	0000	13

mcc_generated_files/mcc.c estimated size: 29

display.c
		_displayManager		CODE           	12D2	0000	81

display.c estimated size: 81

C:\Program Files\Microchip\xc8\v2.32\pic\sources\c99\common\strcat.c
		_strcat        		CODE           	1E81	0000	23

C:\Program Files\Microchip\xc8\v2.32\pic\sources\c99\common\strcat.c estimated size: 23

C:\Program Files\Microchip\xc8\v2.32\pic\sources\c99\common\printf.c
		_printf        		CODE           	1E6C	0000	21

C:\Program Files\Microchip\xc8\v2.32\pic\sources\c99\common\printf.c estimated size: 21

C:\Program Files\Microchip\xc8\v2.32\pic\sources\c99\common\nf_fputc.c
		_fputc         		CODE           	1323	0000	82

C:\Program Files\Microchip\xc8\v2.32\pic\sources\c99\common\nf_fputc.c estimated size: 82

tester.c
		_okAlert       		CODE           	1EFB	0000	25
		_testR3        		CODE           	1024	0000	36
		_alerteDefaut  		CODE           	13CC	0000	134
		_initialConditions		CODE           	1186	0000	57
		_setHorloge    		CODE           	1DFA	0000	12
		_errorAlert    		CODE           	123D	0000	69
		_alimenter     		CODE           	1D9A	0000	12
		_testR1        		CODE           	1FDC	0000	36
		_ledProgession 		CODE           	1DBE	0000	12
		_attenteAquittement		CODE           	1EE2	0000	25
		_startAlert    		CODE           	07DB	0000	37
		_pressBP1      		CODE           	1DCA	0000	12
		_pressBP2      		CODE           	1DD6	0000	12
		_attenteAquittement2		CODE           	11FB	0000	66
		_reponseOperateur2		CODE           	1282	0000	80
		_attenteDemarrageSlave		CODE           	11BF	0000	60
		_testNOK       		CODE           	1F66	0000	28
		_ledConforme   		CODE           	1DA6	0000	12
		_alerteDefautEtape16		CODE           	0A08	0000	345
		_testR2        		CODE           	1000	0000	36
		_ledNonConforme		CODE           	1DB2	0000	12
		_setP1         		CODE           	1DE2	0000	12
		_testOK        		CODE           	1F82	0000	28
		_activerTouche 		CODE           	1F2F	0000	27
		_activerBuzzer 		CODE           	106F	0000	40
		_sortieErreur  		CODE           	1375	0000	87
		_setP2         		CODE           	1DEE	0000	12

tester.c estimated size: 1324

C:\Program Files\Microchip\xc8\v2.32\pic\sources\c99\common\aodiv.c
		___aodiv       		CODE           	14DE	0000	260

C:\Program Files\Microchip\xc8\v2.32\pic\sources\c99\common\aodiv.c estimated size: 260

main.c
		_I2C_Slave_Read_Write		CODE           	0004	0000	193
		_main          		CODE           	0CCA	0000	3039

main.c estimated size: 3232

C:\Program Files\Microchip\xc8\v2.32\pic\sources\c99\common\strlen.c
		_strlen        		CODE           	1EC9	0000	25

C:\Program Files\Microchip\xc8\v2.32\pic\sources\c99\common\strlen.c estimated size: 25

C:\Program Files\Microchip\xc8\v2.32\pic\sources\c99\common\strcpy.c
		_strcpy        		CODE           	1048	0000	39

C:\Program Files\Microchip\xc8\v2.32\pic\sources\c99\common\strcpy.c estimated size: 39

